Component: ARM Compiler 5.06 update 6 (build 750) Tool: armlink [4d35ed]

==============================================================================

Section Cross References

    system_stm32f4xx.o(i.SystemCoreClockUpdate) refers to system_stm32f4xx.o(.data) for SystemCoreClock
    system_stm32f4xx.o(i.SystemInit) refers to system_stm32f4xx.o(i.SetSysClock) for SetSysClock
    main.o(i.main) refers to _printf_percent.o(.ARM.Collect$$_printf_percent$$00000000) for _printf_percent
    main.o(i.main) refers to _printf_d.o(.ARM.Collect$$_printf_percent$$00000009) for _printf_d
    main.o(i.main) refers to _printf_dec.o(.text) for _printf_int_dec
    main.o(i.main) refers to misc.o(i.NVIC_PriorityGroupConfig) for NVIC_PriorityGroupConfig
    main.o(i.main) refers to delay.o(i.delay_init) for delay_init
    main.o(i.main) refers to usart.o(i.uart_init) for uart_init
    main.o(i.main) refers to gps.o(i.uart3_init) for uart3_init
    main.o(i.main) refers to sbus.o(i.SbusInit) for SbusInit
    main.o(i.main) refers to led.o(i.LED_Init) for LED_Init
    main.o(i.main) refers to spi.o(i.SPI1_Init) for SPI1_Init
    main.o(i.main) refers to spi.o(i.SPI2_Init) for SPI2_Init
    main.o(i.main) refers to bmi088.o(i.bmi088_init) for bmi088_init
    main.o(i.main) refers to spl06.o(i.spl06_init) for spl06_init
    main.o(i.main) refers to filter.o(i.imuLpfFilterInit) for imuLpfFilterInit
    main.o(i.main) refers to time5.o(i.TIME5_Init) for TIME5_Init
    main.o(i.main) refers to pwm.o(i.pwmOutInit) for pwmOutInit
    main.o(i.main) refers to pwm.o(i.setPwm) for setPwm
    main.o(i.main) refers to delay.o(i.delay_ms) for delay_ms
    main.o(i.main) refers to noretval__2printf.o(.text) for __2printf
    main.o(i.main) refers to main.o(.bss) for gyroLpfData
    main.o(i.main) refers to main.o(.data) for pwm
    main.o(i.main) refers to sbus.o(.bss) for sbusIn
    delay.o(i.SysTick_Handler) refers to tasks.o(i.xTaskGetSchedulerState) for xTaskGetSchedulerState
    delay.o(i.SysTick_Handler) refers to port.o(i.xPortSysTickHandler) for xPortSysTickHandler
    delay.o(i.delay_init) refers to misc.o(i.SysTick_CLKSourceConfig) for SysTick_CLKSourceConfig
    delay.o(i.delay_init) refers to delay.o(.data) for fac_us
    delay.o(i.delay_ms) refers to tasks.o(i.xTaskGetSchedulerState) for xTaskGetSchedulerState
    delay.o(i.delay_ms) refers to tasks.o(i.vTaskDelay) for vTaskDelay
    delay.o(i.delay_ms) refers to delay.o(i.delay_us) for delay_us
    delay.o(i.delay_ms) refers to delay.o(.data) for fac_ms
    delay.o(i.delay_us) refers to delay.o(.data) for fac_us
    usart.o(.rev16_text) refers (Special) to use_no_semi_2.o(.text) for __use_no_semihosting
    usart.o(.revsh_text) refers (Special) to use_no_semi_2.o(.text) for __use_no_semihosting
    usart.o(i.USART1_IRQHandler) refers (Special) to use_no_semi_2.o(.text) for __use_no_semihosting
    usart.o(i.USART1_IRQHandler) refers to port.o(i.vPortEnterCritical) for vPortEnterCritical
    usart.o(i.USART1_IRQHandler) refers to stm32f4xx_usart.o(i.USART_GetITStatus) for USART_GetITStatus
    usart.o(i.USART1_IRQHandler) refers to stm32f4xx_usart.o(i.USART_ReceiveData) for USART_ReceiveData
    usart.o(i.USART1_IRQHandler) refers to port.o(i.vPortExitCritical) for vPortExitCritical
    usart.o(i.USART1_IRQHandler) refers to usart.o(.data) for USART_RX_STA
    usart.o(i.USART1_IRQHandler) refers to usart.o(.bss) for USART_RX_BUF
    usart.o(i.Usart1_Send) refers (Special) to use_no_semi_2.o(.text) for __use_no_semihosting
    usart.o(i.Usart1_Send) refers to stm32f4xx_usart.o(i.USART_GetFlagStatus) for USART_GetFlagStatus
    usart.o(i.Usart1_Send) refers to stm32f4xx_usart.o(i.USART_SendData) for USART_SendData
    usart.o(i._sys_exit) refers (Special) to use_no_semi_2.o(.text) for __use_no_semihosting
    usart.o(i.fputc) refers (Special) to use_no_semi_2.o(.text) for __use_no_semihosting
    usart.o(i.uart_init) refers (Special) to use_no_semi_2.o(.text) for __use_no_semihosting
    usart.o(i.uart_init) refers to stm32f4xx_rcc.o(i.RCC_AHB1PeriphClockCmd) for RCC_AHB1PeriphClockCmd
    usart.o(i.uart_init) refers to stm32f4xx_rcc.o(i.RCC_APB2PeriphClockCmd) for RCC_APB2PeriphClockCmd
    usart.o(i.uart_init) refers to stm32f4xx_gpio.o(i.GPIO_PinAFConfig) for GPIO_PinAFConfig
    usart.o(i.uart_init) refers to stm32f4xx_gpio.o(i.GPIO_Init) for GPIO_Init
    usart.o(i.uart_init) refers to stm32f4xx_usart.o(i.USART_Init) for USART_Init
    usart.o(i.uart_init) refers to stm32f4xx_usart.o(i.USART_Cmd) for USART_Cmd
    usart.o(i.uart_init) refers to stm32f4xx_usart.o(i.USART_ITConfig) for USART_ITConfig
    usart.o(i.uart_init) refers to misc.o(i.NVIC_Init) for NVIC_Init
    usart.o(i.uart_init) refers to usart.o(.data) for USART_RX_STA
    usart.o(.bss) refers (Special) to use_no_semi_2.o(.text) for __use_no_semihosting
    usart.o(.data) refers (Special) to use_no_semi_2.o(.text) for __use_no_semihosting
[...]
    xIdleTaskHandle                          0x200001dc   Data           4  tasks.o(.data)
    uxSchedulerSuspended                     0x200001e0   Data           4  tasks.o(.data)
    .data                                    0x200001e4   Section       12  port.o(.data)
    uxCriticalNesting                        0x200001e4   Data           4  port.o(.data)
    ucMaxSysCallPriority                     0x200001e8   Data           1  port.o(.data)
    ulMaxPRIGROUPValue                       0x200001ec   Data           4  port.o(.data)
    .bss                                     0x200001f0   Section      532  main.o(.bss)
    .bss                                     0x20000404   Section      100  usart.o(.bss)
    .bss                                     0x20000468   Section       22  spl06.o(.bss)
    .bss                                     0x20000480   Section       36  attribute.o(.bss)
    .bss                                     0x200004a4   Section       57  sbus.o(.bss)
    dataTemp                                 0x200004c4   Data          25  sbus.o(.bss)
    .bss                                     0x200004e0   Section      312  gps.o(.bss)
    .bss                                     0x20000618   Section      200  tasks.o(.bss)
    pxReadyTasksLists                        0x20000618   Data         100  tasks.o(.bss)
    xDelayedTaskList1                        0x2000067c   Data          20  tasks.o(.bss)
    xDelayedTaskList2                        0x20000690   Data          20  tasks.o(.bss)
    xPendingReadyList                        0x200006a4   Data          20  tasks.o(.bss)
    xTasksWaitingTermination                 0x200006b8   Data          20  tasks.o(.bss)
    xSuspendedTaskList                       0x200006cc   Data          20  tasks.o(.bss)
    .bss                                     0x200006e0   Section       96  libspace.o(.bss)
    HEAP                                     0x20000740   Section      512  startup_stm32f4xx.o(HEAP)
    Heap_Mem                                 0x20000740   Data         512  startup_stm32f4xx.o(HEAP)
    STACK                                    0x20000940   Section     1024  startup_stm32f4xx.o(STACK)
    Stack_Mem                                0x20000940   Data        1024  startup_stm32f4xx.o(STACK)
    __initial_sp                             0x20000d40   Data           0  startup_stm32f4xx.o(STACK)

    Global Symbols

    Symbol Name                              Value     Ov Type        Size  Object(Section)

    BuildAttributes$$THM_ISAv4$E$P$D$K$B$S$7EM$VFPi3$EXTD16$VFPS$VFMA$PE$A:L22UL41UL21$X:L11$S22US41US21$IEEE1$IW$USESV6$~STKCKD$USESV7$~SHL$OTIME$ROPI$IEEEX$EBA8$UX$STANDARDLIB$REQ8$PRES8$EABIv2 0x00000000   Number         0  anon$$obj.o ABSOLUTE
    __ARM_use_no_argv                        0x00000000   Number         0  main.o ABSOLUTE
    _printf_flags                            0x00000000   Number         0  printf_stubs.o ABSOLUTE
    _printf_return_value                     0x00000000   Number         0  printf_stubs.o ABSOLUTE
    _printf_sizespec                         0x00000000   Number         0  printf_stubs.o ABSOLUTE
    _printf_widthprec                        0x00000000   Number         0  printf_stubs.o ABSOLUTE
    __ARM_exceptions_init                     - Undefined Weak Reference
    __alloca_initialize                       - Undefined Weak Reference
    __arm_preinit_                            - Undefined Weak Reference
    __cpp_initialize__aeabi_                  - Undefined Weak Reference
    __cxa_finalize                            - Undefined Weak Reference
    __rt_locale                               - Undefined Weak Reference
    __sigvec_lookup                           - Undefined Weak Reference
    _atexit_init                              - Undefined Weak Reference
    _call_atexit_fns                          - Undefined Weak Reference
    _clock_init                               - Undefined Weak Reference
    _fp_trap_init                             - Undefined Weak Reference
    _fp_trap_shutdown                         - Undefined Weak Reference
    _get_lc_collate                           - Undefined Weak Reference
    _get_lc_ctype                             - Undefined Weak Reference
    _get_lc_monetary                          - Undefined Weak Reference
    _get_lc_numeric                           - Undefined Weak Reference
    _get_lc_time                              - Undefined Weak Reference
    _getenv_init                              - Undefined Weak Reference
    _handle_redirection                       - Undefined Weak Reference
    _init_alloc                               - Undefined Weak Reference
    _init_user_alloc                          - Undefined Weak Reference
    _initio                                   - Undefined Weak Reference
    _mutex_acquire                            - Undefined Weak Reference
    _mutex_release                            - Undefined Weak Reference
    _printf_mbtowc                            - Undefined Weak Reference
    _printf_truncate_signed                   - Undefined Weak Reference
    _printf_truncate_unsigned                 - Undefined Weak Reference
    _rand_init                                - Undefined Weak Reference
    _signal_finish                            - Undefined Weak Reference
    _signal_init                              - Undefined Weak Reference
    _terminate_alloc                          - Undefined Weak Reference
    _terminate_user_alloc                     - Undefined Weak Reference
    _terminateio                              - Undefined Weak Reference
    __Vectors_Size                           0x00000188   Number         0  startup_stm32f4xx.o ABSOLUTE
    __Vectors                                0x08000000   Data           4  startup_stm32f4xx.o(RESET)
    __Vectors_End                            0x08000188   Data           0  startup_stm32f4xx.o(RESET)
    __main                                   0x08000189   Thumb Code     8  __main.o(!!!main)
    __scatterload                            0x08000191   Thumb Code     0  __scatter.o(!!!scatter)
    __scatterload_rt2                        0x08000191   Thumb Code    44  __scatter.o(!!!scatter)
    __scatterload_rt2_thumb_only             0x08000191   Thumb Code     0  __scatter.o(!!!scatter)
    __scatterload_null                       0x0800019f   Thumb Code     0  __scatter.o(!!!scatter)
    __decompress                             0x080001c5   Thumb Code    90  __dczerorl2.o(!!dczerorl2)
    __decompress1                            0x080001c5   Thumb Code     0  __dczerorl2.o(!!dczerorl2)
    __scatterload_zeroinit                   0x08000221   Thumb Code    28  __scatter_zi.o(!!handler_zi)
    _printf_d                                0x0800023d   Thumb Code     0  _printf_d.o(.ARM.Collect$$_printf_percent$$00000009)
    _printf_percent                          0x0800023d   Thumb Code     0  _printf_percent.o(.ARM.Collect$$_printf_percent$$00000000)
    _printf_u                                0x08000243   Thumb Code     0  _printf_u.o(.ARM.Collect$$_printf_percent$$0000000A)
    _printf_x                                0x08000249   Thumb Code     0  _printf_x.o(.ARM.Collect$$_printf_percent$$0000000C)
    _printf_c                                0x0800024f   Thumb Code     0  _printf_c.o(.ARM.Collect$$_printf_percent$$00000013)
    _printf_s                                0x08000255   Thumb Code     0  _printf_s.o(.ARM.Collect$$_printf_percent$$00000014)
    _printf_percent_end                      0x0800025b   Thumb Code     0  _printf_percent_end.o(.ARM.Collect$$_printf_percent$$00000017)
    __rt_lib_init                            0x0800025f   Thumb Code     0  libinit.o(.ARM.Collect$$libinit$$00000000)
    __rt_lib_init_fp_1                       0x08000261   Thumb Code     0  libinit2.o(.ARM.Collect$$libinit$$00000001)
    __rt_lib_init_alloca_1                   0x08000265   Thumb Code     0  libinit2.o(.ARM.Collect$$libinit$$0000002E)
    __rt_lib_init_argv_1                     0x08000265   Thumb Code     0  libinit2.o(.ARM.Collect$$libinit$$0000002C)
    __rt_lib_init_atexit_1                   0x08000265   Thumb Code     0  libinit2.o(.ARM.Collect$$libinit$$0000001B)
    __rt_lib_init_clock_1                    0x08000265   Thumb Code     0  libinit2.o(.ARM.Collect$$libinit$$00000021)
    __rt_lib_init_cpp_1                      0x08000265   Thumb Code     0  libinit2.o(.ARM.Collect$$libinit$$00000032)
    __rt_lib_init_exceptions_1               0x08000265   Thumb Code     0  libinit2.o(.ARM.Collect$$libinit$$00000030)
    __rt_lib_init_fp_trap_1                  0x08000265   Thumb Code     0  libinit2.o(.ARM.Collect$$libinit$$0000001F)
    __rt_lib_init_getenv_1                   0x08000265   Thumb Code     0  libinit2.o(.ARM.Collect$$libinit$$00000023)
    __rt_lib_init_heap_1                     0x08000265   Thumb Code     0  libinit2.o(.ARM.Collect$$libinit$$0000000A)
    __rt_lib_init_lc_collate_1               0x08000265   Thumb Code     0  libinit2.o(.ARM.Collect$$libinit$$00000011)
    __rt_lib_init_lc_ctype_1                 0x08000265   Thumb Code     0  libinit2.o(.ARM.Collect$$libinit$$00000013)
    __rt_lib_init_lc_monetary_1              0x08000265   Thumb Code     0  libinit2.o(.ARM.Collect$$libinit$$00000015)
    __rt_lib_init_lc_numeric_1               0x08000265   Thumb Code     0  libinit2.o(.ARM.Collect$$libinit$$00000017)
    __rt_lib_init_lc_time_1                  0x08000265   Thumb Code     0  libinit2.o(.ARM.Collect$$libinit$$00000019)
    __rt_lib_init_preinit_1                  0x08000265   Thumb Code     0  libinit2.o(.ARM.Collect$$libinit$$00000004)
    __rt_lib_init_rand_1                     0x08000265   Thumb Code     0  libinit2.o(.ARM.Collect$$libinit$$0000000E)
    __rt_lib_init_return                     0x08000265   Thumb Code     0  libinit2.o(.ARM.Collect$$libinit$$00000033)
    __rt_lib_init_signal_1                   0x08000265   Thumb Code     0  libinit2.o(.ARM.Collect$$libinit$$0000001D)
    __rt_lib_init_stdio_1                    0x08000265   Thumb Code     0  libinit2.o(.ARM.Collect$$libinit$$00000025)
    __rt_lib_init_user_alloc_1               0x08000265   Thumb Code     0  libinit2.o(.ARM.Collect$$libinit$$0000000C)
    __rt_lib_shutdown                        0x08000267   Thumb Code     0  libshutdown.o(.ARM.Collect$$libshutdown$$00000000)
    __rt_lib_shutdown_cpp_1                  0x08000269   Thumb Code     0  libshutdown2.o(.ARM.Collect$$libshutdown$$00000002)
    __rt_lib_shutdown_fp_trap_1              0x08000269   Thumb Code     0  libshutdown2.o(.ARM.Collect$$libshutdown$$00000007)
    __rt_lib_shutdown_heap_1                 0x08000269   Thumb Code     0  libshutdown2.o(.ARM.Collect$$libshutdown$$0000000F)
    __rt_lib_shutdown_return                 0x08000269   Thumb Code     0  libshutdown2.o(.ARM.Collect$$libshutdown$$00000010)
    __rt_lib_shutdown_signal_1               0x08000269   Thumb Code     0  libshutdown2.o(.ARM.Collect$$libshutdown$$0000000A)
    __rt_lib_shutdown_stdio_1                0x08000269   Thumb Code     0  libshutdown2.o(.ARM.Collect$$libshutdown$$00000004)
    __rt_lib_shutdown_user_alloc_1           0x08000269   Thumb Code     0  libshutdown2.o(.ARM.Collect$$libshutdown$$0000000C)
    __rt_entry                               0x0800026b   Thumb Code     0  __rtentry.o(.ARM.Collect$$rtentry$$00000000)
    __rt_entry_presh_1                       0x0800026b   Thumb Code     0  __rtentry2.o(.ARM.Collect$$rtentry$$00000002)
    __rt_entry_sh                            0x0800026b   Thumb Code     0  __rtentry4.o(.ARM.Collect$$rtentry$$00000004)
    __rt_entry_li                            0x08000271   Thumb Code     0  __rtentry2.o(.ARM.Collect$$rtentry$$0000000A)
    __rt_entry_postsh_1                      0x08000271   Thumb Code     0  __rtentry2.o(.ARM.Collect$$rtentry$$00000009)
    __rt_entry_main                          0x08000275   Thumb Code     0  __rtentry2.o(.ARM.Collect$$rtentry$$0000000D)
    __rt_entry_postli_1                      0x08000275   Thumb Code     0  __rtentry2.o(.ARM.Collect$$rtentry$$0000000C)
    __rt_exit                                0x0800027d   Thumb Code     0  rtexit.o(.ARM.Collect$$rtexit$$00000000)
    __rt_exit_ls                             0x0800027f   Thumb Code     0  rtexit2.o(.ARM.Collect$$rtexit$$00000003)
    __rt_exit_prels_1                        0x0800027f   Thumb Code     0  rtexit2.o(.ARM.Collect$$rtexit$$00000002)
    __rt_exit_exit                           0x08000283   Thumb Code     0  rtexit2.o(.ARM.Collect$$rtexit$$00000004)
    SVC_Handler                              0x08000289   Thumb Code    28  port.o(.emb_text)
    __asm___6_port_c_39a90d8d__prvStartFirstTask 0x080002a9   Thumb Code    28  port.o(.emb_text)
    __asm___6_port_c_39a90d8d__prvEnableVFP  0x080002c9   Thumb Code    16  port.o(.emb_text)
    PendSV_Handler                           0x080002dd   Thumb Code    88  port.o(.emb_text)
    vPortGetIPSR                             0x08000339   Thumb Code     6  port.o(.emb_text)
    Reset_Handler                            0x08000341   Thumb Code     8  startup_stm32f4xx.o(.text)
    ADC_IRQHandler                           0x0800035b   Thumb Code     0  startup_stm32f4xx.o(.text)
    CAN1_RX0_IRQHandler                      0x0800035b   Thumb Code     0  startup_stm32f4xx.o(.text)
    CAN1_RX1_IRQHandler                      0x0800035b   Thumb Code     0  startup_stm32f4xx.o(.text)
    CAN1_SCE_IRQHandler                      0x0800035b   Thumb Code     0  startup_stm32f4xx.o(.text)
    CAN1_TX_IRQHandler                       0x0800035b   Thumb Code     0  startup_stm32f4xx.o(.text)
    CAN2_RX0_IRQHandler                      0x0800035b   Thumb Code     0  startup_stm32f4xx.o(.text)
    CAN2_RX1_IRQHandler                      0x0800035b   Thumb Code     0  startup_stm32f4xx.o(.text)
    CAN2_SCE_IRQHandler                      0x0800035b   Thumb Code     0  startup_stm32f4xx.o(.text)
    CAN2_TX_IRQHandler                       0x0800035b   Thumb Code     0  startup_stm32f4xx.o(.text)
    CRYP_IRQHandler                          0x0800035b   Thumb Code     0  startup_stm32f4xx.o(.text)
    DCMI_IRQHandler                          0x0800035b   Thumb Code     0  startup_stm32f4xx.o(.text)
    DMA1_Stream0_IRQHandler                  0x0800035b   Thumb Code     0  startup_stm32f4xx.o(.text)
    DMA1_Stream1_IRQHandler                  0x0800035b   Thumb Code     0  startup_stm32f4xx.o(.text)
    DMA1_Stream2_IRQHandler                  0x0800035b   Thumb Code     0  startup_stm32f4xx.o(.text)
    DMA1_Stream3_IRQHandler                  0x0800035b   Thumb Code     0  startup_stm32f4xx.o(.text)
    DMA1_Stream4_IRQHandler                  0x0800035b   Thumb Code     0  startup_stm32f4xx.o(.text)
    DMA1_Stream5_IRQHandler                  0x0800035b   Thumb Code     0  startup_stm32f4xx.o(.text)
    DMA1_Stream6_IRQHandler                  0x0800035b   Thumb Code     0  startup_stm32f4xx.o(.text)
    DMA1_Stream7_IRQHandler                  0x0800035b   Thumb Code     0  startup_stm32f4xx.o(.text)
    DMA2_Stream0_IRQHandler                  0x0800035b   Thumb Code     0  startup_stm32f4xx.o(.text)
    DMA2_Stream1_IRQHandler                  0x0800035b   Thumb Code     0  startup_stm32f4xx.o(.text)
    DMA2_Stream2_IRQHandler                  0x0800035b   Thumb Code     0  startup_stm32f4xx.o(.text)
    DMA2_Stream3_IRQHandler                  0x0800035b   Thumb Code     0  startup_stm32f4xx.o(.text)
    DMA2_Stream4_IRQHandler                  0x0800035b   Thumb Code     0  startup_stm32f4xx.o(.text)
    DMA2_Stream5_IRQHandler                  0x0800035b   Thumb Code     0  startup_stm32f4xx.o(.text)
    DMA2_Stream6_IRQHandler                  0x0800035b   Thumb Code     0  startup_stm32f4xx.o(.text)
    DMA2_Stream7_IRQHandler                  0x0800035b   Thumb Code     0  startup_stm32f4xx.o(.text)
    ETH_IRQHandler                           0x0800035b   Thumb Code     0  startup_stm32f4xx.o(.text)
    ETH_WKUP_IRQHandler                      0x0800035b   Thumb Code     0  startup_stm32f4xx.o(.text)
    EXTI0_IRQHandler                         0x0800035b   Thumb Code     0  startup_stm32f4xx.o(.text)
    EXTI15_10_IRQHandler                     0x0800035b   Thumb Code     0  startup_stm32f4xx.o(.text)
    EXTI1_IRQHandler                         0x0800035b   Thumb Code     0  startup_stm32f4xx.o(.text)
    EXTI2_IRQHandler                         0x0800035b   Thumb Code     0  startup_stm32f4xx.o(.text)
    EXTI3_IRQHandler                         0x0800035b   Thumb Code     0  startup_stm32f4xx.o(.text)
    EXTI4_IRQHandler                         0x0800035b   Thumb Code     0  startup_stm32f4xx.o(.text)
    EXTI9_5_IRQHandler                       0x0800035b   Thumb Code     0  startup_stm32f4xx.o(.text)
    FLASH_IRQHandler                         0x0800035b   Thumb Code     0  startup_stm32f4xx.o(.text)
    FPU_IRQHandler                           0x0800035b   Thumb Code     0  startup_stm32f4xx.o(.text)
    FSMC_IRQHandler                          0x0800035b   Thumb Code     0  startup_stm32f4xx.o(.text)
    HASH_RNG_IRQHandler                      0x0800035b   Thumb Code     0  startup_stm32f4xx.o(.text)
    I2C1_ER_IRQHandler                       0x0800035b   Thumb Code     0  startup_stm32f4xx.o(.text)
    I2C1_EV_IRQHandler                       0x0800035b   Thumb Code     0  startup_stm32f4xx.o(.text)
    I2C2_ER_IRQHandler                       0x0800035b   Thumb Code     0  startup_stm32f4xx.o(.text)
    I2C2_EV_IRQHandler                       0x0800035b   Thumb Code     0  startup_stm32f4xx.o(.text)
    I2C3_ER_IRQHandler                       0x0800035b   Thumb Code     0  startup_stm32f4xx.o(.text)
    I2C3_EV_IRQHandler                       0x0800035b   Thumb Code     0  startup_stm32f4xx.o(.text)
    OTG_FS_IRQHandler                        0x0800035b   Thumb Code     0  startup_stm32f4xx.o(.text)
    OTG_FS_WKUP_IRQHandler                   0x0800035b   Thumb Code     0  startup_stm32f4xx.o(.text)
    OTG_HS_EP1_IN_IRQHandler                 0x0800035b   Thumb Code     0  startup_stm32f4xx.o(.text)
    OTG_HS_EP1_OUT_IRQHandler                0x0800035b   Thumb Code     0  startup_stm32f4xx.o(.text)
    OTG_HS_IRQHandler                        0x0800035b   Thumb Code     0  startup_stm32f4xx.o(.text)
    OTG_HS_WKUP_IRQHandler                   0x0800035b   Thumb Code     0  startup_stm32f4xx.o(.text)
    PVD_IRQHandler                           0x0800035b   Thumb Code     0  startup_stm32f4xx.o(.text)
    RCC_IRQHandler                           0x0800035b   Thumb Code     0  startup_stm32f4xx.o(.text)
    RTC_Alarm_IRQHandler                     0x0800035b   Thumb Code     0  startup_stm32f4xx.o(.text)
    RTC_WKUP_IRQHandler                      0x0800035b   Thumb Code     0  startup_stm32f4xx.o(.text)
    SDIO_IRQHandler                          0x0800035b   Thumb Code     0  startup_stm32f4xx.o(.text)
    SPI1_IRQHandler                          0x0800035b   Thumb Code     0  startup_stm32f4xx.o(.text)
    SPI2_IRQHandler                          0x0800035b   Thumb Code     0  startup_stm32f4xx.o(.text)
    SPI3_IRQHandler                          0x0800035b   Thumb Code     0  startup_stm32f4xx.o(.text)
    TAMP_STAMP_IRQHandler                    0x0800035b   Thumb Code     0  startup_stm32f4xx.o(.text)
    TIM1_BRK_TIM9_IRQHandler                 0x0800035b   Thumb Code     0  startup_stm32f4xx.o(.text)
    TIM1_CC_IRQHandler                       0x0800035b   Thumb Code     0  startup_stm32f4xx.o(.text)
    TIM1_TRG_COM_TIM11_IRQHandler            0x0800035b   Thumb Code     0  startup_stm32f4xx.o(.text)
    TIM1_UP_TIM10_IRQHandler                 0x0800035b   Thumb Code     0  startup_stm32f4xx.o(.text)
    TIM2_IRQHandler                          0x0800035b   Thumb Code     0  startup_stm32f4xx.o(.text)
    TIM3_IRQHandler                          0x0800035b   Thumb Code     0  startup_stm32f4xx.o(.text)
    TIM6_DAC_IRQHandler                      0x0800035b   Thumb Code     0  startup_stm32f4xx.o(.text)
    TIM7_IRQHandler                          0x0800035b   Thumb Code     0  startup_stm32f4xx.o(.text)
    TIM8_BRK_TIM12_IRQHandler                0x0800035b   Thumb Code     0  startup_stm32f4xx.o(.text)
    TIM8_CC_IRQHandler                       0x0800035b   Thumb Code     0  startup_stm32f4xx.o(.text)
    TIM8_TRG_COM_TIM14_IRQHandler            0x0800035b   Thumb Code     0  startup_stm32f4xx.o(.text)
    TIM8_UP_TIM13_IRQHandler                 0x0800035b   Thumb Code     0  startup_stm32f4xx.o(.text)
    UART4_IRQHandler                         0x0800035b   Thumb Code     0  startup_stm32f4xx.o(.text)
    UART5_IRQHandler                         0x0800035b   Thumb Code     0  startup_stm32f4xx.o(.text)
    USART6_IRQHandler                        0x0800035b   Thumb Code     0  startup_stm32f4xx.o(.text)
    WWDG_IRQHandler                          0x0800035b   Thumb Code     0  startup_stm32f4xx.o(.text)
    __user_initial_stackheap                 0x0800035d   Thumb Code     0  startup_stm32f4xx.o(.text)
    __use_no_semihosting                     0x08000381   Thumb Code     2  use_no_semi_2.o(.text)
    __2printf                                0x08000385   Thumb Code    20  noretval__2printf.o(.text)
    _printf_pre_padding                      0x0800039d   Thumb Code    44  _printf_pad.o(.text)
    _printf_post_padding                     0x080003c9   Thumb Code    34  _printf_pad.o(.text)
    _printf_str                              0x080003eb   Thumb Code    82  _printf_str.o(.text)
    _printf_int_dec                          0x0800043d   Thumb Code   104  _printf_dec.o(.text)
    _printf_int_hex                          0x080004b5   Thumb Code    84  _printf_hex_int.o(.text)
    _printf_longlong_hex                     0x080004b5   Thumb Code     0  _printf_hex_int.o(.text)
    __printf                                 0x0800050d   Thumb Code   388  __printf_flags_ss_wp.o(.text)
    __use_two_region_memory                  0x08000695   Thumb Code     2  heapauxi.o(.text)
    __rt_heap_escrow$2region                 0x08000697   Thumb Code     2  heapauxi.o(.text)
    __rt_heap_expand$2region                 0x08000699   Thumb Code     2  heapauxi.o(.text)
    __I$use$semihosting                      0x0800069b   Thumb Code     0  use_no_semi.o(.text)
    __use_no_semihosting_swi                 0x0800069b   Thumb Code     2  use_no_semi.o(.text)
    __read_errno                             0x0800069d   Thumb Code    10  _rserrno.o(.text)
    __set_errno                              0x080006a7   Thumb Code    12  _rserrno.o(.text)
    _printf_int_common                       0x080006b3   Thumb Code   178  _printf_intcommon.o(.text)
    _printf_cs_common                        0x08000765   Thumb Code    20  _printf_char.o(.text)
    _printf_char                             0x08000779   Thumb Code    16  _printf_char.o(.text)
    _printf_string                           0x08000789   Thumb Code     8  _printf_char.o(.text)
    _printf_char_file                        0x08000791   Thumb Code    32  _printf_char_file.o(.text)
    __aeabi_errno_addr                       0x080007b5   Thumb Code     8  rt_errno_addr_intlibspace.o(.text)
    __errno$intlibspace                      0x080007b5   Thumb Code     0  rt_errno_addr_intlibspace.o(.text)
    __rt_errno_addr$intlibspace              0x080007b5   Thumb Code     0  rt_errno_addr_intlibspace.o(.text)
    _printf_char_common                      0x080007c7   Thumb Code    32  _printf_char_common.o(.text)
    ferror                                   0x080007ed   Thumb Code     8  ferror.o(.text)
    __user_libspace                          0x080007f5   Thumb Code     8  libspace.o(.text)
    __user_perproc_libspace                  0x080007f5   Thumb Code     0  libspace.o(.text)
    __user_perthread_libspace                0x080007f5   Thumb Code     0  libspace.o(.text)
    __user_setup_stackheap                   0x080007fd   Thumb Code    74  sys_stackheap_outer.o(.text)
    exit                                     0x08000847   Thumb Code    18  exit.o(.text)
    BusFault_Handler                         0x08000859   Thumb Code     4  stm32f4xx_it.o(i.BusFault_Handler)
    DebugMon_Handler                         0x0800085d   Thumb Code     2  stm32f4xx_it.o(i.DebugMon_Handler)
    GPIO_Init                                0x0800085f   Thumb Code   144  stm32f4xx_gpio.o(i.GPIO_Init)
    GPIO_PinAFConfig                         0x080008ef   Thumb Code    70  stm32f4xx_gpio.o(i.GPIO_PinAFConfig)
    GPIO_SetBits                             0x08000935   Thumb Code     4  stm32f4xx_gpio.o(i.GPIO_SetBits)
    GPIO_StructInit                          0x08000939   Thumb Code    18  stm32f4xx_gpio.o(i.GPIO_StructInit)
    GPS_data_analysis                        0x0800094d   Thumb Code   420  gps.o(i.GPS_data_analysis)
    GPS_ubx_check_sum                        0x08000afd   Thumb Code    92  gps.o(i.GPS_ubx_check_sum)
    HardFault_Handler                        0x08000b5d   Thumb Code     4  stm32f4xx_it.o(i.HardFault_Handler)
    LED_Init                                 0x08000b61   Thumb Code    60  led.o(i.LED_Init)
    MemManage_Handler                        0x08000ba1   Thumb Code     4  stm32f4xx_it.o(i.MemManage_Handler)
    NMI_Handler                              0x08000ba5   Thumb Code     2  stm32f4xx_it.o(i.NMI_Handler)
    NVIC_Init                                0x08000ba9   Thumb Code   106  misc.o(i.NVIC_Init)
    NVIC_PriorityGroupConfig                 0x08000c21   Thumb Code    10  misc.o(i.NVIC_PriorityGroupConfig)
    RCC_AHB1PeriphClockCmd                   0x08000c35   Thumb Code    26  stm32f4xx_rcc.o(i.RCC_AHB1PeriphClockCmd)
    RCC_APB1PeriphClockCmd                   0x08000c55   Thumb Code    26  stm32f4xx_rcc.o(i.RCC_APB1PeriphClockCmd)
    RCC_APB1PeriphResetCmd                   0x08000c75   Thumb Code    26  stm32f4xx_rcc.o(i.RCC_APB1PeriphResetCmd)
    RCC_APB2PeriphClockCmd                   0x08000c95   Thumb Code    26  stm32f4xx_rcc.o(i.RCC_APB2PeriphClockCmd)
    RCC_APB2PeriphResetCmd                   0x08000cb5   Thumb Code    26  stm32f4xx_rcc.o(i.RCC_APB2PeriphResetCmd)
    RCC_GetClocksFreq                        0x08000cd5   Thumb Code   214  stm32f4xx_rcc.o(i.RCC_GetClocksFreq)
    SPI1_Init                                0x08000dbd   Thumb Code   236  spi.o(i.SPI1_Init)
    SPI1_ReadWriteOneByte                    0x08000ebd   Thumb Code    50  spi.o(i.SPI1_ReadWriteOneByte)
    SPI2_Init                                0x08000ef5   Thumb Code   218  spi.o(i.SPI2_Init)
    SPI2_ReadWriteOneByte                    0x08000fdd   Thumb Code    50  spi.o(i.SPI2_ReadWriteOneByte)
    SPI_Cmd                                  0x08001015   Thumb Code    24  stm32f4xx_spi.o(i.SPI_Cmd)
    SPI_I2S_GetFlagStatus                    0x0800102d   Thumb Code    18  stm32f4xx_spi.o(i.SPI_I2S_GetFlagStatus)
    SPI_I2S_ReceiveData                      0x0800103f   Thumb Code     6  stm32f4xx_spi.o(i.SPI_I2S_ReceiveData)
    SPI_I2S_SendData                         0x08001045   Thumb Code     4  stm32f4xx_spi.o(i.SPI_I2S_SendData)
    SPI_Init                                 0x08001049   Thumb Code    60  stm32f4xx_spi.o(i.SPI_Init)
    SbusInit                                 0x08001085   Thumb Code   162  sbus.o(i.SbusInit)
    SysTick_CLKSourceConfig                  0x08001221   Thumb Code    40  misc.o(i.SysTick_CLKSourceConfig)
    SysTick_Handler                          0x08001249   Thumb Code    16  delay.o(i.SysTick_Handler)
    SystemInit                               0x08001259   Thumb Code    88  system_stm32f4xx.o(i.SystemInit)
    TIM4_IRQHandler                          0x080012c1   Thumb Code    46  usmart.o(i.TIM4_IRQHandler)
    TIM5_IRQHandler                          0x080012f9   Thumb Code   100  time5.o(i.TIM5_IRQHandler)
    TIME5_Init                               0x08001385   Thumb Code    92  time5.o(i.TIME5_Init)
    TIM_ARRPreloadConfig                     0x080013e5   Thumb Code    24  stm32f4xx_tim.o(i.TIM_ARRPreloadConfig)
    TIM_ClearFlag                            0x080013fd   Thumb Code     6  stm32f4xx_tim.o(i.TIM_ClearFlag)
    TIM_ClearITPendingBit                    0x08001403   Thumb Code     6  stm32f4xx_tim.o(i.TIM_ClearITPendingBit)
    TIM_Cmd                                  0x08001409   Thumb Code    24  stm32f4xx_tim.o(i.TIM_Cmd)
    TIM_CtrlPWMOutputs                       0x08001421   Thumb Code    30  stm32f4xx_tim.o(i.TIM_CtrlPWMOutputs)
    TIM_GetCounter                           0x0800143f   Thumb Code     6  stm32f4xx_tim.o(i.TIM_GetCounter)
    TIM_GetFlagStatus                        0x08001445   Thumb Code    18  stm32f4xx_tim.o(i.TIM_GetFlagStatus)
    TIM_GetITStatus                          0x08001457   Thumb Code    34  stm32f4xx_tim.o(i.TIM_GetITStatus)
    TIM_ITConfig                             0x08001479   Thumb Code    18  stm32f4xx_tim.o(i.TIM_ITConfig)
    TIM_OC1Init                              0x0800148d   Thumb Code   114  stm32f4xx_tim.o(i.TIM_OC1Init)
    TIM_OC1PreloadConfig                     0x08001509   Thumb Code    18  stm32f4xx_tim.o(i.TIM_OC1PreloadConfig)
    TIM_OC2Init                              0x0800151d   Thumb Code   154  stm32f4xx_tim.o(i.TIM_OC2Init)
    TIM_OC2PreloadConfig                     0x080015c1   Thumb Code    26  stm32f4xx_tim.o(i.TIM_OC2PreloadConfig)
    TIM_OC3Init                              0x080015dd   Thumb Code   150  stm32f4xx_tim.o(i.TIM_OC3Init)
    TIM_OC3PreloadConfig                     0x0800167d   Thumb Code    18  stm32f4xx_tim.o(i.TIM_OC3PreloadConfig)
    TIM_OC4Init                              0x08001691   Thumb Code   112  stm32f4xx_tim.o(i.TIM_OC4Init)
    TIM_OC4PreloadConfig                     0x08001709   Thumb Code    26  stm32f4xx_tim.o(i.TIM_OC4PreloadConfig)
    TIM_SetAutoreload                        0x08001723   Thumb Code     4  stm32f4xx_tim.o(i.TIM_SetAutoreload)
    TIM_SetCounter                           0x08001727   Thumb Code     4  stm32f4xx_tim.o(i.TIM_SetCounter)
    TIM_TimeBaseInit                         0x0800172d   Thumb Code   104  stm32f4xx_tim.o(i.TIM_TimeBaseInit)
    Timer4_Init                              0x080017b1   Thumb Code    86  usmart.o(i.Timer4_Init)
    USART1_IRQHandler                        0x0800180d   Thumb Code   130  usart.o(i.USART1_IRQHandler)
    USART2_IRQHandler                        0x0800189d   Thumb Code    68  sbus.o(i.USART2_IRQHandler)
    USART3_IRQHandler                        0x080018e5   Thumb Code   166  gps.o(i.USART3_IRQHandler)
    USART_ClearFlag                          0x08001999   Thumb Code    18  stm32f4xx_usart.o(i.USART_ClearFlag)
    USART_ClearITPendingBit                  0x080019ab   Thumb Code    30  stm32f4xx_usart.o(i.USART_ClearITPendingBit)
    USART_Cmd                                0x080019c9   Thumb Code    24  stm32f4xx_usart.o(i.USART_Cmd)
    USART_DeInit                             0x080019e1   Thumb Code   206  stm32f4xx_usart.o(i.USART_DeInit)
    USART_GetFlagStatus                      0x08001ad1   Thumb Code    26  stm32f4xx_usart.o(i.USART_GetFlagStatus)
    USART_GetITStatus                        0x08001aeb   Thumb Code    84  stm32f4xx_usart.o(i.USART_GetITStatus)
    USART_ITConfig                           0x08001b3f   Thumb Code    74  stm32f4xx_usart.o(i.USART_ITConfig)
    USART_Init                               0x08001b89   Thumb Code   204  stm32f4xx_usart.o(i.USART_Init)
    USART_ReceiveData                        0x08001c5d   Thumb Code    10  stm32f4xx_usart.o(i.USART_ReceiveData)
    USART_SendData                           0x08001c67   Thumb Code     8  stm32f4xx_usart.o(i.USART_SendData)
    USART_StructInit                         0x08001c6f   Thumb Code    24  stm32f4xx_usart.o(i.USART_StructInit)
    UsageFault_Handler                       0x08001c87   Thumb Code     4  stm32f4xx_it.o(i.UsageFault_Handler)
    Usart1_Send                              0x08001c8d   Thumb Code    56  usart.o(i.Usart1_Send)
    Usart3_Send                              0x08001cc9   Thumb Code    56  gps.o(i.Usart3_Send)
    __ARM_fpclassify                         0x08001d05   Thumb Code    48  fpclassify.o(i.__ARM_fpclassify)
    __ARM_fpclassifyf                        0x08001d35   Thumb Code    38  fpclassifyf.o(i.__ARM_fpclassifyf)
    __hardfp_asin                            0x08001d61   Thumb Code   770  asin.o(i.__hardfp_asin)
    __hardfp_atan                            0x080020c1   Thumb Code   622  atan.o(i.__hardfp_atan)
    __hardfp_atan2                           0x08002399   Thumb Code   432  atan2.o(i.__hardfp_atan2)
    __hardfp_cosf                            0x08002589   Thumb Code   280  cosf.o(i.__hardfp_cosf)
    __hardfp_pow                             0x080026d9   Thumb Code  3072  pow.o(i.__hardfp_pow)
    __hardfp_sqrt                            0x08003329   Thumb Code   122  sqrt.o(i.__hardfp_sqrt)
    __hardfp_tanf                            0x080033a5   Thumb Code   322  tanf.o(i.__hardfp_tanf)
    __kernel_poly                            0x08003521   Thumb Code   248  poly.o(i.__kernel_poly)
    __mathlib_dbl_divzero                    0x08003619   Thumb Code    28  dunder.o(i.__mathlib_dbl_divzero)
    __mathlib_dbl_infnan                     0x08003649   Thumb Code    20  dunder.o(i.__mathlib_dbl_infnan)
    __mathlib_dbl_infnan2                    0x0800365d   Thumb Code    20  dunder.o(i.__mathlib_dbl_infnan2)
    __mathlib_dbl_invalid                    0x08003671   Thumb Code    24  dunder.o(i.__mathlib_dbl_invalid)
    __mathlib_dbl_overflow                   0x08003691   Thumb Code    24  dunder.o(i.__mathlib_dbl_overflow)
    __mathlib_dbl_underflow                  0x080036b1   Thumb Code    24  dunder.o(i.__mathlib_dbl_underflow)
    __mathlib_flt_infnan                     0x080036d1   Thumb Code     6  funder.o(i.__mathlib_flt_infnan)
    __mathlib_flt_invalid                    0x080036d9   Thumb Code    10  funder.o(i.__mathlib_flt_invalid)
    __mathlib_flt_underflow                  0x080036e9   Thumb Code    10  funder.o(i.__mathlib_flt_underflow)
    __mathlib_rredf2                         0x080036f9   Thumb Code   316  rredf.o(i.__mathlib_rredf2)
    _is_digit                                0x0800384d   Thumb Code    14  __printf_wp.o(i._is_digit)
    _sys_exit                                0x0800385b   Thumb Code     4  usart.o(i._sys_exit)
    atan                                     0x0800385f   Thumb Code    16  atan.o(i.atan)
    attributeCal                             0x08003871   Thumb Code  3182  attribute.o(i.attributeCal)
    bmi088_dataRead                          0x08004505   Thumb Code    32  bmi088.o(i.bmi088_dataRead)
    bmi088_dataTransform                     0x08004525   Thumb Code   482  bmi088.o(i.bmi088_dataTransform)
    bmi088_init                              0x08004731   Thumb Code   214  bmi088.o(i.bmi088_init)
    bmi088_read                              0x08004809   Thumb Code    76  bmi088.o(i.bmi088_read)
    bmi088_read_byte                         0x0800485d   Thumb Code    62  bmi088.o(i.bmi088_read_byte)
    bmi088_write_byte                        0x080048a5   Thumb Code    56  bmi088.o(i.bmi088_write_byte)
    delay_init                               0x080048e5   Thumb Code    58  delay.o(i.delay_init)
    delay_ms                                 0x08004929   Thumb Code    62  delay.o(i.delay_ms)
    delay_us                                 0x0800496d   Thumb Code    68  delay.o(i.delay_us)
    fabs                                     0x080049b5   Thumb Code    24  fabs.o(i.fabs)
    fputc                                    0x080049cd   Thumb Code    22  usart.o(i.fputc)
    gps_baudrate_config                      0x080049e9   Thumb Code    32  gps.o(i.gps_baudrate_config)
    gps_config                               0x08004a11   Thumb Code    52  gps.o(i.gps_config)
    imuDataFilter                            0x08004a51   Thumb Code   260  filter.o(i.imuDataFilter)
    imuLpfFilterInit                         0x08004b65   Thumb Code    58  filter.o(i.imuLpfFilterInit)
    lpfApply                                 0x08004bb9   Thumb Code   316  filter.o(i.lpfApply)
    lpfInit                                  0x08004cf5   Thumb Code    76  filter.o(i.lpfInit)
    lpfSetCutOffFreq                         0x08004d49   Thumb Code   440  filter.o(i.lpfSetCutOffFreq)
    main                                     0x08004f25   Thumb Code   138  main.o(i.main)
    pressureDataSend                         0x08004fc9   Thumb Code   256  upper.o(i.pressureDataSend)
    pwmOutInit                               0x08005195   Thumb Code   258  pwm.o(i.pwmOutInit)
    read_addr                                0x080052a9   Thumb Code     6  usmart.o(i.read_addr)
    sbusGetData                              0x080052b1   Thumb Code   454  sbus.o(i.sbusGetData)
    setPwm                                   0x0800548d   Thumb Code   162  pwm.o(i.setPwm)
    spl0601_rateSet                          0x08005535   Thumb Code   302  spl06.o(i.spl0601_rateSet)
    spl06_coefficientsRead                   0x0800566d   Thumb Code   274  spl06.o(i.spl06_coefficientsRead)
    spl06_dataRead                           0x08005785   Thumb Code   138  spl06.o(i.spl06_dataRead)
    spl06_getPresData                        0x08005811   Thumb Code   350  spl06.o(i.spl06_getPresData)
    spl06_init                               0x08005991   Thumb Code    70  spl06.o(i.spl06_init)
    spl06_read                               0x080059dd   Thumb Code    54  spl06.o(i.spl06_read)
    spl06_read_byte                          0x08005a19   Thumb Code    40  spl06.o(i.spl06_read_byte)
    spl06_write_byte                         0x08005a49   Thumb Code    34  spl06.o(i.spl06_write_byte)
    sqrt                                     0x08005a75   Thumb Code   110  sqrt.o(i.sqrt)
    uart3_init                               0x08005ae5   Thumb Code   300  gps.o(i.uart3_init)
    uart_init                                0x08005c19   Thumb Code   172  usart.o(i.uart_init)
    usmart_cmd_rec                           0x08005cd1   Thumb Code   170  usmart.o(i.usmart_cmd_rec)
    usmart_exe                               0x08005d81   Thumb Code   632  usmart.o(i.usmart_exe)
    usmart_get_aparm                         0x08006055   Thumb Code   200  usmart_str.o(i.usmart_get_aparm)
    usmart_get_cmdname                       0x0800611d   Thumb Code    54  usmart_str.o(i.usmart_get_cmdname)
    usmart_get_fname                         0x08006155   Thumb Code   440  usmart_str.o(i.usmart_get_fname)
    usmart_get_fparam                        0x08006315   Thumb Code   262  usmart_str.o(i.usmart_get_fparam)
    usmart_get_parmpos                       0x08006421   Thumb Code    26  usmart_str.o(i.usmart_get_parmpos)
    usmart_get_runtime                       0x08006441   Thumb Code    60  usmart.o(i.usmart_get_runtime)
    usmart_init                              0x08006485   Thumb Code    36  usmart.o(i.usmart_init)
    usmart_pow                               0x080064ad   Thumb Code    22  usmart_str.o(i.usmart_pow)
    usmart_reset_runtime                     0x080064c5   Thumb Code    38  usmart.o(i.usmart_reset_runtime)
    usmart_scan                              0x080064f5   Thumb Code   120  usmart.o(i.usmart_scan)
    usmart_search_nextc                      0x080065b1   Thumb Code    22  usmart_str.o(i.usmart_search_nextc)
    usmart_str2num                           0x080065c7   Thumb Code   202  usmart_str.o(i.usmart_str2num)
    usmart_strcmp                            0x08006691   Thumb Code    34  usmart_str.o(i.usmart_strcmp)
    usmart_strcopy                           0x080066b3   Thumb Code    22  usmart_str.o(i.usmart_strcopy)
    usmart_strlen                            0x080066c9   Thumb Code    24  usmart_str.o(i.usmart_strlen)
    usmart_sys_cmd_exe                       0x080066e1   Thumb Code  1554  usmart.o(i.usmart_sys_cmd_exe)
    uxListRemove                             0x08006dc5   Thumb Code    40  list.o(i.uxListRemove)
    vListInsert                              0x08006ded   Thumb Code    52  list.o(i.vListInsert)
    vListInsertEnd                           0x08006e21   Thumb Code    24  list.o(i.vListInsertEnd)
    vPortEnterCritical                       0x08006e39   Thumb Code    76  port.o(i.vPortEnterCritical)
    vPortExitCritical                        0x08006e8d   Thumb Code    56  port.o(i.vPortExitCritical)
    vTaskDelay                               0x08006ec9   Thumb Code    82  tasks.o(i.vTaskDelay)
    vTaskSuspendAll                          0x08006f25   Thumb Code    12  tasks.o(i.vTaskSuspendAll)
    vTaskSwitchContext                       0x08006f35   Thumb Code   118  tasks.o(i.vTaskSwitchContext)
    write_addr                               0x08006fc1   Thumb Code     4  usmart.o(i.write_addr)
    xPortSysTickHandler                      0x08006fc5   Thumb Code    46  port.o(i.xPortSysTickHandler)
    xTaskGetSchedulerState                   0x08006ff9   Thumb Code    24  tasks.o(i.xTaskGetSchedulerState)
    xTaskIncrementTick                       0x08007019   Thumb Code   282  tasks.o(i.xTaskIncrementTick)
    xTaskResumeAll                           0x08007161   Thumb Code   224  tasks.o(i.xTaskResumeAll)
    __aeabi_dneg                             0x08007265   Thumb Code     0  basic.o(x$fpl$basic)
    _dneg                                    0x08007265   Thumb Code     6  basic.o(x$fpl$basic)
    __aeabi_fneg                             0x0800726b   Thumb Code     0  basic.o(x$fpl$basic)
    _fneg                                    0x0800726b   Thumb Code     6  basic.o(x$fpl$basic)
    _dabs                                    0x08007271   Thumb Code     6  basic.o(x$fpl$basic)
    _fabs                                    0x08007277   Thumb Code     6  basic.o(x$fpl$basic)
    __aeabi_d2f                              0x0800727d   Thumb Code     0  d2f.o(x$fpl$d2f)
    _d2f                                     0x0800727d   Thumb Code    98  d2f.o(x$fpl$d2f)
    __aeabi_dadd                             0x080072e1   Thumb Code     0  daddsub_clz.o(x$fpl$dadd)
    _dadd                                    0x080072e1   Thumb Code   332  daddsub_clz.o(x$fpl$dadd)
    __fpl_dcheck_NaN1                        0x08007431   Thumb Code    10  dcheck1.o(x$fpl$dcheck1)
    __fpl_dcmp_Inf                           0x08007441   Thumb Code    24  dcmpi.o(x$fpl$dcmpinf)
    __aeabi_ddiv                             0x08007459   Thumb Code     0  ddiv.o(x$fpl$ddiv)
    _ddiv                                    0x08007459   Thumb Code   552  ddiv.o(x$fpl$ddiv)
    __aeabi_d2iz                             0x08007709   Thumb Code     0  dfix.o(x$fpl$dfix)
    _dfix                                    0x08007709   Thumb Code    94  dfix.o(x$fpl$dfix)
    __aeabi_i2d                              0x08007767   Thumb Code     0  dflt_clz.o(x$fpl$dflt)
    _dflt                                    0x08007767   Thumb Code    46  dflt_clz.o(x$fpl$dflt)
    __aeabi_cdcmple                          0x08007795   Thumb Code     0  dleqf.o(x$fpl$dleqf)
    _dcmple                                  0x08007795   Thumb Code   120  dleqf.o(x$fpl$dleqf)
    __fpl_dcmple_InfNaN                      0x080077f7   Thumb Code     0  dleqf.o(x$fpl$dleqf)
    __aeabi_dmul                             0x0800780d   Thumb Code     0  dmul.o(x$fpl$dmul)
    _dmul                                    0x0800780d   Thumb Code   332  dmul.o(x$fpl$dmul)
    __fpl_dnaninf                            0x08007961   Thumb Code   156  dnaninf.o(x$fpl$dnaninf)
    __fpl_dretinf                            0x080079fd   Thumb Code    12  dretinf.o(x$fpl$dretinf)
    __aeabi_cdrcmple                         0x08007a09   Thumb Code     0  drleqf.o(x$fpl$drleqf)
    _drcmple                                 0x08007a09   Thumb Code   108  drleqf.o(x$fpl$drleqf)
    __aeabi_drsub                            0x08007a75   Thumb Code     0  daddsub_clz.o(x$fpl$drsb)
    _drsb                                    0x08007a75   Thumb Code    22  daddsub_clz.o(x$fpl$drsb)
    _dsqrt                                   0x08007a8d   Thumb Code   404  dsqrt_umaal.o(x$fpl$dsqrt)
    __aeabi_dsub                             0x08007c25   Thumb Code     0  daddsub_clz.o(x$fpl$dsub)
    _dsub                                    0x08007c25   Thumb Code   464  daddsub_clz.o(x$fpl$dsub)
    __aeabi_f2d                              0x08007df9   Thumb Code     0  f2d.o(x$fpl$f2d)
    _f2d                                     0x08007df9   Thumb Code    86  f2d.o(x$fpl$f2d)
    __fpl_fnaninf                            0x08007e4f   Thumb Code   140  fnaninf.o(x$fpl$fnaninf)
    _fp_init                                 0x08007edb   Thumb Code    10  fpinit.o(x$fpl$fpinit)
    __fplib_config_fpu_vfp                   0x08007ee3   Thumb Code     0  fpinit.o(x$fpl$fpinit)
    __fplib_config_pureend_doubles           0x08007ee3   Thumb Code     0  fpinit.o(x$fpl$fpinit)
    __fpl_fretinf                            0x08007ee5   Thumb Code    10  fretinf.o(x$fpl$fretinf)
    __fpl_return_NaN                         0x08007eef   Thumb Code   100  retnan.o(x$fpl$retnan)
    __ARM_scalbn                             0x08007f53   Thumb Code    92  scalbn.o(x$fpl$scalbn)
    __fpl_cmpreturn                          0x08007faf   Thumb Code    48  trapv.o(x$fpl$trapveneer)
    __I$use$fp                               0x08007fde   Number         0  usenofp.o(x$fpl$usenofp)
    gps_petrol_out_config                    0x08007fde   Data          28  gps.o(.constdata)
    gps_pvt_out_config                       0x08007ffa   Data          90  gps.o(.constdata)
    gps_rate_out_config                      0x08008054   Data          16  gps.o(.constdata)
    Enter_Send                               0x08008064   Data           9  gps.o(.constdata)
    __mathlib_zero                           0x08008218   Data           8  qnan.o(.constdata)
    Region$$Table$$Base                      0x080082d4   Number         0  anon$$obj.o(Region$$Table)
    Region$$Table$$Limit                     0x080082f4   Number         0  anon$$obj.o(Region$$Table)
    SystemCoreClock                          0x20000000   Data           4  system_stm32f4xx.o(.data)
    AHBPrescTable                            0x20000004   Data          16  system_stm32f4xx.o(.data)
    bmi088_gyro_data                         0x20000014   Data           6  main.o(.data)
    tempS32                                  0x2000001c   Data           4  main.o(.data)
    pwm                                      0x20000020   Data           8  main.o(.data)
    __stdout                                 0x2000002c   Data           4  usart.o(.data)
    USART_RX_STA                             0x20000030   Data           2  usart.o(.data)
    time5                                    0x20000042   Data           1  time5.o(.data)
    K_PRESSURE                               0x20000044   Data           4  spl06.o(.data)
    K_TEMPERATURE                            0x20000048   Data           4  spl06.o(.data)
    sbusFlag                                 0x20000068   Data           1  sbus.o(.data)
    UART3_RX_STA                             0x20000070   Data           2  gps.o(.data)
    gpsCnt                                   0x20000072   Data           1  gps.o(.data)
    len                                      0x20000074   Data           2  gps.o(.data)
    sys_cmd_tab                              0x20000078   Data          28  usmart.o(.data)
    usmart_nametab                           0x20000094   Data          32  usmart_config.o(.data)
    usmart_dev                               0x200000b4   Data         244  usmart_config.o(.data)
    pxCurrentTCB                             0x200001a8   Data           4  tasks.o(.data)
    bmi088_acc_data                          0x200001f0   Data          19  main.o(.bss)
    accData                                  0x20000203   Data          28  main.o(.bss)
    gyroData                                 0x2000021f   Data          48  main.o(.bss)
    presData                                 0x2000024f   Data          12  main.o(.bss)
    accLpfData                               0x20000260   Data         168  main.o(.bss)
    gyroLpfData                              0x20000308   Data         168  main.o(.bss)
    attribute                                0x200003b0   Data          24  main.o(.bss)
    tempU8                                   0x200003c8   Data          10  main.o(.bss)
    buffer                                   0x200003d2   Data          50  main.o(.bss)
    USART_RX_BUF                             0x20000404   Data         100  usart.o(.bss)
    spl06_coefficients                       0x20000468   Data          22  spl06.o(.bss)
    QE_b                                     0x20000480   Data          36  attribute.o(.bss)
    sbusIn                                   0x200004a4   Data          32  sbus.o(.bss)
    gpsInformation                           0x200004e0   Data         112  gps.o(.bss)
    UART3_RX_BUF                             0x20000550   Data         100  gps.o(.bss)
    gpsBuffer                                0x200005b4   Data         100  gps.o(.bss)
    __libspace_start                         0x200006e0   Data          96  libspace.o(.bss)
    __temporary_stack_top$libspace           0x20000740   Data           0  libspace.o(.bss)



==============================================================================

Memory Map of the image

  Image Entry point : 0x08000189

  Load Region LR_IROM1 (Base: 0x08000000, Size: 0x000084e4, Max: 0x00100000, ABSOLUTE, COMPRESSED[0x00008360])

    Execution Region ER_IROM1 (Exec base: 0x08000000, Load base: 0x08000000, Size: 0x000082f4, Max: 0x00100000, ABSOLUTE)

    Exec Addr    Load Addr    Size         Type   Attr      Idx    E Section Name        Object

    0x08000000   0x08000000   0x00000188   Data   RO         4166    RESET               startup_stm32f4xx.o
    0x08000188   0x08000188   0x00000008   Code   RO         6014  * !!!main             c_w.l(__main.o)
    0x08000190   0x08000190   0x00000034   Code   RO         6386    !!!scatter          c_w.l(__scatter.o)
    0x080001c4   0x080001c4   0x0000005a   Code   RO         6384    !!dczerorl2         c_w.l(__dczerorl2.o)
    0x0800021e   0x0800021e   0x00000002   PAD
    0x08000220   0x08000220   0x0000001c   Code   RO         6388    !!handler_zi        c_w.l(__scatter_zi.o)
    0x0800023c   0x0800023c   0x00000000   Code   RO         6007    .ARM.Collect$$_printf_percent$$00000000  c_w.l(_printf_percent.o)
    0x0800023c   0x0800023c   0x00000006   Code   RO         6005    .ARM.Collect$$_printf_percent$$00000009  c_w.l(_printf_d.o)
    0x08000242   0x08000242   0x00000006   Code   RO         6006    .ARM.Collect$$_printf_percent$$0000000A  c_w.l(_printf_u.o)
    0x08000248   0x08000248   0x00000006   Code   RO         6004    .ARM.Collect$$_printf_percent$$0000000C  c_w.l(_printf_x.o)
    0x0800024e   0x0800024e   0x00000006   Code   RO         6002    .ARM.Collect$$_printf_percent$$00000013  c_w.l(_printf_c.o)
    0x08000254   0x08000254   0x00000006   Code   RO         6003    .ARM.Collect$$_printf_percent$$00000014  c_w.l(_printf_s.o)
    0x0800025a   0x0800025a   0x00000004   Code   RO         6133    .ARM.Collect$$_printf_percent$$00000017  c_w.l(_printf_percent_end.o)
    0x0800025e   0x0800025e   0x00000002   Code   RO         6257    .ARM.Collect$$libinit$$00000000  c_w.l(libinit.o)
    0x08000260   0x08000260   0x00000004   Code   RO         6262    .ARM.Collect$$libinit$$00000001  c_w.l(libinit2.o)
    0x08000264   0x08000264   0x00000000   Code   RO         6265    .ARM.Collect$$libinit$$00000004  c_w.l(libinit2.o)
    0x08000264   0x08000264   0x00000000   Code   RO         6268    .ARM.Collect$$libinit$$0000000A  c_w.l(libinit2.o)
    0x08000264   0x08000264   0x00000000   Code   RO         6270    .ARM.Collect$$libinit$$0000000C  c_w.l(libinit2.o)
    0x08000264   0x08000264   0x00000000   Code   RO         6272    .ARM.Collect$$libinit$$0000000E  c_w.l(libinit2.o)
    0x08000264   0x08000264   0x00000000   Code   RO         6275    .ARM.Collect$$libinit$$00000011  c_w.l(libinit2.o)
    0x08000264   0x08000264   0x00000000   Code   RO         6277    .ARM.Collect$$libinit$$00000013  c_w.l(libinit2.o)
    0x08000264   0x08000264   0x00000000   Code   RO         6279    .ARM.Collect$$libinit$$00000015  c_w.l(libinit2.o)
    0x08000264   0x08000264   0x00000000   Code   RO         6281    .ARM.Collect$$libinit$$00000017  c_w.l(libinit2.o)
    0x08000264   0x08000264   0x00000000   Code   RO         6283    .ARM.Collect$$libinit$$00000019  c_w.l(libinit2.o)
    0x08000264   0x08000264   0x00000000   Code   RO         6285    .ARM.Collect$$libinit$$0000001B  c_w.l(libinit2.o)
    0x08000264   0x08000264   0x00000000   Code   RO         6287    .ARM.Collect$$libinit$$0000001D  c_w.l(libinit2.o)
    0x08000264   0x08000264   0x00000000   Code   RO         6289    .ARM.Collect$$libinit$$0000001F  c_w.l(libinit2.o)
    0x08000264   0x08000264   0x00000000   Code   RO         6291    .ARM.Collect$$libinit$$00000021  c_w.l(libinit2.o)
    0x08000264   0x08000264   0x00000000   Code   RO         6293    .ARM.Collect$$libinit$$00000023  c_w.l(libinit2.o)
    0x08000264   0x08000264   0x00000000   Code   RO         6295    .ARM.Collect$$libinit$$00000025  c_w.l(libinit2.o)
    0x08000264   0x08000264   0x00000000   Code   RO         6299    .ARM.Collect$$libinit$$0000002C  c_w.l(libinit2.o)
    0x08000264   0x08000264   0x00000000   Code   RO         6301    .ARM.Collect$$libinit$$0000002E  c_w.l(libinit2.o)
    0x08000264   0x08000264   0x00000000   Code   RO         6303    .ARM.Collect$$libinit$$00000030  c_w.l(libinit2.o)
    0x08000264   0x08000264   0x00000000   Code   RO         6305    .ARM.Collect$$libinit$$00000032  c_w.l(libinit2.o)
    0x08000264   0x08000264   0x00000002   Code   RO         6306    .ARM.Collect$$libinit$$00000033  c_w.l(libinit2.o)
    0x08000266   0x08000266   0x00000002   Code   RO         6326    .ARM.Collect$$libshutdown$$00000000  c_w.l(libshutdown.o)
    0x08000268   0x08000268   0x00000000   Code   RO         6336    .ARM.Collect$$libshutdown$$00000002  c_w.l(libshutdown2.o)
    0x08000268   0x08000268   0x00000000   Code   RO         6338    .ARM.Collect$$libshutdown$$00000004  c_w.l(libshutdown2.o)
    0x08000268   0x08000268   0x00000000   Code   RO         6341    .ARM.Collect$$libshutdown$$00000007  c_w.l(libshutdown2.o)
    0x08000268   0x08000268   0x00000000   Code   RO         6344    .ARM.Collect$$libshutdown$$0000000A  c_w.l(libshutdown2.o)
    0x08000268   0x08000268   0x00000000   Code   RO         6346    .ARM.Collect$$libshutdown$$0000000C  c_w.l(libshutdown2.o)
    0x08000268   0x08000268   0x00000000   Code   RO         6349    .ARM.Collect$$libshutdown$$0000000F  c_w.l(libshutdown2.o)
    0x08000268   0x08000268   0x00000002   Code   RO         6350    .ARM.Collect$$libshutdown$$00000010  c_w.l(libshutdown2.o)
    0x0800026a   0x0800026a   0x00000000   Code   RO         6124    .ARM.Collect$$rtentry$$00000000  c_w.l(__rtentry.o)
    0x0800026a   0x0800026a   0x00000000   Code   RO         6214    .ARM.Collect$$rtentry$$00000002  c_w.l(__rtentry2.o)
    0x0800026a   0x0800026a   0x00000006   Code   RO         6226    .ARM.Collect$$rtentry$$00000004  c_w.l(__rtentry4.o)
    0x08000270   0x08000270   0x00000000   Code   RO         6216    .ARM.Collect$$rtentry$$00000009  c_w.l(__rtentry2.o)
    0x08000270   0x08000270   0x00000004   Code   RO         6217    .ARM.Collect$$rtentry$$0000000A  c_w.l(__rtentry2.o)
    0x08000274   0x08000274   0x00000000   Code   RO         6219    .ARM.Collect$$rtentry$$0000000C  c_w.l(__rtentry2.o)
    0x08000274   0x08000274   0x00000008   Code   RO         6220    .ARM.Collect$$rtentry$$0000000D  c_w.l(__rtentry2.o)
    0x0800027c   0x0800027c   0x00000002   Code   RO         6260    .ARM.Collect$$rtexit$$00000000  c_w.l(rtexit.o)
    0x0800027e   0x0800027e   0x00000000   Code   RO         6310    .ARM.Collect$$rtexit$$00000002  c_w.l(rtexit2.o)
    0x0800027e   0x0800027e   0x00000004   Code   RO         6311    .ARM.Collect$$rtexit$$00000003  c_w.l(rtexit2.o)
    0x08000282   0x08000282   0x00000006   Code   RO         6312    .ARM.Collect$$rtexit$$00000004  c_w.l(rtexit2.o)
    0x08000288   0x08000288   0x000000b6   Code   RO         5868    .emb_text           port.o
    0x0800033e   0x0800033e   0x00000002   PAD
    0x08000340   0x08000340   0x00000040   Code   RO         4167    .text               startup_stm32f4xx.o
    0x08000380   0x08000380   0x00000002   Code   RO         5947    .text               c_w.l(use_no_semi_2.o)
    0x08000382   0x08000382   0x00000002   PAD
    0x08000384   0x08000384   0x00000018   Code   RO         5951    .text               c_w.l(noretval__2printf.o)
    0x0800039c   0x0800039c   0x0000004e   Code   RO         5955    .text               c_w.l(_printf_pad.o)
    0x080003ea   0x080003ea   0x00000052   Code   RO         5957    .text               c_w.l(_printf_str.o)
    0x0800043c   0x0800043c   0x00000078   Code   RO         5959    .text               c_w.l(_printf_dec.o)
    0x080004b4   0x080004b4   0x00000058   Code   RO         5964    .text               c_w.l(_printf_hex_int.o)
    0x0800050c   0x0800050c   0x00000188   Code   RO         5999    .text               c_w.l(__printf_flags_ss_wp.o)
    0x08000694   0x08000694   0x00000006   Code   RO         6012    .text               c_w.l(heapauxi.o)
    0x0800069a   0x0800069a   0x00000002   Code   RO         6122    .text               c_w.l(use_no_semi.o)
    0x0800069c   0x0800069c   0x00000016   Code   RO         6125    .text               c_w.l(_rserrno.o)
    0x080006b2   0x080006b2   0x000000b2   Code   RO         6127    .text               c_w.l(_printf_intcommon.o)
    0x08000764   0x08000764   0x0000002c   Code   RO         6129    .text               c_w.l(_printf_char.o)
    0x08000790   0x08000790   0x00000024   Code   RO         6131    .text               c_w.l(_printf_char_file.o)
    0x080007b4   0x080007b4   0x00000008   Code   RO         6231    .text               c_w.l(rt_errno_addr_intlibspace.o)
    0x080007bc   0x080007bc   0x00000030   Code   RO         6233    .text               c_w.l(_printf_char_common.o)
    0x080007ec   0x080007ec   0x00000008   Code   RO         6235    .text               c_w.l(ferror.o)
    0x080007f4   0x080007f4   0x00000008   Code   RO         6243    .text               c_w.l(libspace.o)
    0x080007fc   0x080007fc   0x0000004a   Code   RO         6246    .text               c_w.l(sys_stackheap_outer.o)
    0x08000846   0x08000846   0x00000012   Code   RO         6250    .text               c_w.l(exit.o)
    0x08000858   0x08000858   0x00000004   Code   RO            3    i.BusFault_Handler  stm32f4xx_it.o
    0x0800085c   0x0800085c   0x00000002   Code   RO            4    i.DebugMon_Handler  stm32f4xx_it.o
    0x0800085e   0x0800085e   0x00000090   Code   RO         1454    i.GPIO_Init         stm32f4xx_gpio.o
    0x080008ee   0x080008ee   0x00000046   Code   RO         1455    i.GPIO_PinAFConfig  stm32f4xx_gpio.o
    0x08000934   0x08000934   0x00000004   Code   RO         1462    i.GPIO_SetBits      stm32f4xx_gpio.o
    0x08000938   0x08000938   0x00000012   Code   RO         1463    i.GPIO_StructInit   stm32f4xx_gpio.o
    0x0800094a   0x0800094a   0x00000002   PAD
    0x0800094c   0x0800094c   0x000001b0   Code   RO         4717    i.GPS_data_analysis  gps.o
    0x08000afc   0x08000afc   0x00000060   Code   RO         4718    i.GPS_ubx_check_sum  gps.o
    0x08000b5c   0x08000b5c   0x00000004   Code   RO            5    i.HardFault_Handler  stm32f4xx_it.o
    0x08000b60   0x08000b60   0x00000040   Code   RO         4249    i.LED_Init          led.o
    0x08000ba0   0x08000ba0   0x00000004   Code   RO            6    i.MemManage_Handler  stm32f4xx_it.o
    0x08000ba4   0x08000ba4   0x00000002   Code   RO            7    i.NMI_Handler       stm32f4xx_it.o
    0x08000ba6   0x08000ba6   0x00000002   PAD
    0x08000ba8   0x08000ba8   0x00000078   Code   RO          487    i.NVIC_Init         misc.o
    0x08000c20   0x08000c20   0x00000014   Code   RO          488    i.NVIC_PriorityGroupConfig  misc.o
    0x08000c34   0x08000c34   0x00000020   Code   RO         1847    i.RCC_AHB1PeriphClockCmd  stm32f4xx_rcc.o
    0x08000c54   0x08000c54   0x00000020   Code   RO         1856    i.RCC_APB1PeriphClockCmd  stm32f4xx_rcc.o
    0x08000c74   0x08000c74   0x00000020   Code   RO         1858    i.RCC_APB1PeriphResetCmd  stm32f4xx_rcc.o
    0x08000c94   0x08000c94   0x00000020   Code   RO         1859    i.RCC_APB2PeriphClockCmd  stm32f4xx_rcc.o
    0x08000cb4   0x08000cb4   0x00000020   Code   RO         1861    i.RCC_APB2PeriphResetCmd  stm32f4xx_rcc.o
    0x08000cd4   0x08000cd4   0x000000e8   Code   RO         1868    i.RCC_GetClocksFreq  stm32f4xx_rcc.o
    0x08000dbc   0x08000dbc   0x00000100   Code   RO         4272    i.SPI1_Init         spi.o
    0x08000ebc   0x08000ebc   0x00000038   Code   RO         4273    i.SPI1_ReadWriteOneByte  spi.o
    0x08000ef4   0x08000ef4   0x000000e8   Code   RO         4275    i.SPI2_Init         spi.o
    0x08000fdc   0x08000fdc   0x00000038   Code   RO         4276    i.SPI2_ReadWriteOneByte  spi.o
    0x08001014   0x08001014   0x00000018   Code   RO         2797    i.SPI_Cmd           stm32f4xx_spi.o
    0x0800102c   0x0800102c   0x00000012   Code   RO         2805    i.SPI_I2S_GetFlagStatus  stm32f4xx_spi.o
    0x0800103e   0x0800103e   0x00000006   Code   RO         2808    i.SPI_I2S_ReceiveData  stm32f4xx_spi.o
    0x08001044   0x08001044   0x00000004   Code   RO         2809    i.SPI_I2S_SendData  stm32f4xx_spi.o
    0x08001048   0x08001048   0x0000003c   Code   RO         2810    i.SPI_Init          stm32f4xx_spi.o
    0x08001084   0x08001084   0x000000b0   Code   RO         4678    i.SbusInit          sbus.o
    0x08001134   0x08001134   0x000000ec   Code   RO          163    i.SetSysClock       system_stm32f4xx.o
    0x08001220   0x08001220   0x00000028   Code   RO          491    i.SysTick_CLKSourceConfig  misc.o
    0x08001248   0x08001248   0x00000010   Code   RO          358    i.SysTick_Handler   delay.o
    0x08001258   0x08001258   0x00000068   Code   RO          165    i.SystemInit        system_stm32f4xx.o
    0x080012c0   0x080012c0   0x00000038   Code   RO         4824    i.TIM4_IRQHandler   usmart.o
    0x080012f8   0x080012f8   0x0000008c   Code   RO         4205    i.TIM5_IRQHandler   time5.o
    0x08001384   0x08001384   0x00000060   Code   RO         4206    i.TIME5_Init        time5.o
    0x080013e4   0x080013e4   0x00000018   Code   RO         3015    i.TIM_ARRPreloadConfig  stm32f4xx_tim.o
    0x080013fc   0x080013fc   0x00000006   Code   RO         3021    i.TIM_ClearFlag     stm32f4xx_tim.o
    0x08001402   0x08001402   0x00000006   Code   RO         3022    i.TIM_ClearITPendingBit  stm32f4xx_tim.o
    0x08001408   0x08001408   0x00000018   Code   RO         3027    i.TIM_Cmd           stm32f4xx_tim.o
    0x08001420   0x08001420   0x0000001e   Code   RO         3029    i.TIM_CtrlPWMOutputs  stm32f4xx_tim.o
    0x0800143e   0x0800143e   0x00000006   Code   RO         3046    i.TIM_GetCounter    stm32f4xx_tim.o
    0x08001444   0x08001444   0x00000012   Code   RO         3047    i.TIM_GetFlagStatus  stm32f4xx_tim.o
    0x08001456   0x08001456   0x00000022   Code   RO         3048    i.TIM_GetITStatus   stm32f4xx_tim.o
    0x08001478   0x08001478   0x00000012   Code   RO         3052    i.TIM_ITConfig      stm32f4xx_tim.o
    0x0800148a   0x0800148a   0x00000002   PAD
    0x0800148c   0x0800148c   0x0000007c   Code   RO         3056    i.TIM_OC1Init       stm32f4xx_tim.o
    0x08001508   0x08001508   0x00000012   Code   RO         3059    i.TIM_OC1PreloadConfig  stm32f4xx_tim.o
    0x0800151a   0x0800151a   0x00000002   PAD
    0x0800151c   0x0800151c   0x000000a4   Code   RO         3061    i.TIM_OC2Init       stm32f4xx_tim.o
    0x080015c0   0x080015c0   0x0000001a   Code   RO         3064    i.TIM_OC2PreloadConfig  stm32f4xx_tim.o
    0x080015da   0x080015da   0x00000002   PAD
    0x080015dc   0x080015dc   0x000000a0   Code   RO         3066    i.TIM_OC3Init       stm32f4xx_tim.o
    0x0800167c   0x0800167c   0x00000012   Code   RO         3069    i.TIM_OC3PreloadConfig  stm32f4xx_tim.o
    0x0800168e   0x0800168e   0x00000002   PAD
    0x08001690   0x08001690   0x00000078   Code   RO         3071    i.TIM_OC4Init       stm32f4xx_tim.o
    0x08001708   0x08001708   0x0000001a   Code   RO         3073    i.TIM_OC4PreloadConfig  stm32f4xx_tim.o
    0x08001722   0x08001722   0x00000004   Code   RO         3087    i.TIM_SetAutoreload  stm32f4xx_tim.o
    0x08001726   0x08001726   0x00000004   Code   RO         3093    i.TIM_SetCounter    stm32f4xx_tim.o
    0x0800172a   0x0800172a   0x00000002   PAD
    0x0800172c   0x0800172c   0x00000084   Code   RO         3099    i.TIM_TimeBaseInit  stm32f4xx_tim.o
    0x080017b0   0x080017b0   0x0000005c   Code   RO         4825    i.Timer4_Init       usmart.o
    0x0800180c   0x0800180c   0x00000090   Code   RO          426    i.USART1_IRQHandler  usart.o
    0x0800189c   0x0800189c   0x00000048   Code   RO         4679    i.USART2_IRQHandler  sbus.o
    0x080018e4   0x080018e4   0x000000b4   Code   RO         4719    i.USART3_IRQHandler  gps.o
    0x08001998   0x08001998   0x00000012   Code   RO         3573    i.USART_ClearFlag   stm32f4xx_usart.o
    0x080019aa   0x080019aa   0x0000001e   Code   RO         3574    i.USART_ClearITPendingBit  stm32f4xx_usart.o
    0x080019c8   0x080019c8   0x00000018   Code   RO         3577    i.USART_Cmd         stm32f4xx_usart.o
    0x080019e0   0x080019e0   0x000000f0   Code   RO         3579    i.USART_DeInit      stm32f4xx_usart.o
    0x08001ad0   0x08001ad0   0x0000001a   Code   RO         3580    i.USART_GetFlagStatus  stm32f4xx_usart.o
    0x08001aea   0x08001aea   0x00000054   Code   RO         3581    i.USART_GetITStatus  stm32f4xx_usart.o
    0x08001b3e   0x08001b3e   0x0000004a   Code   RO         3583    i.USART_ITConfig    stm32f4xx_usart.o
    0x08001b88   0x08001b88   0x000000d4   Code   RO         3584    i.USART_Init        stm32f4xx_usart.o
    0x08001c5c   0x08001c5c   0x0000000a   Code   RO         3591    i.USART_ReceiveData  stm32f4xx_usart.o
    0x08001c66   0x08001c66   0x00000008   Code   RO         3594    i.USART_SendData    stm32f4xx_usart.o
    0x08001c6e   0x08001c6e   0x00000018   Code   RO         3600    i.USART_StructInit  stm32f4xx_usart.o
    0x08001c86   0x08001c86   0x00000004   Code   RO            8    i.UsageFault_Handler  stm32f4xx_it.o
    0x08001c8a   0x08001c8a   0x00000002   PAD
    0x08001c8c   0x08001c8c   0x0000003c   Code   RO          427    i.Usart1_Send       usart.o
    0x08001cc8   0x08001cc8   0x0000003c   Code   RO         4720    i.Usart3_Send       gps.o
    0x08001d04   0x08001d04   0x00000030   Code   RO         6189    i.__ARM_fpclassify  m_wm.l(fpclassify.o)
    0x08001d34   0x08001d34   0x00000026   Code   RO         6191    i.__ARM_fpclassifyf  m_wm.l(fpclassifyf.o)
    0x08001d5a   0x08001d5a   0x00000006   PAD
    0x08001d60   0x08001d60   0x00000360   Code   RO         6046    i.__hardfp_asin     m_wm.l(asin.o)
    0x080020c0   0x080020c0   0x000002d8   Code   RO         6155    i.__hardfp_atan     m_wm.l(atan.o)
    0x08002398   0x08002398   0x000001f0   Code   RO         6060    i.__hardfp_atan2    m_wm.l(atan2.o)
    0x08002588   0x08002588   0x00000150   Code   RO         6072    i.__hardfp_cosf     m_wm.l(cosf.o)
    0x080026d8   0x080026d8   0x00000c50   Code   RO         6084    i.__hardfp_pow      m_wm.l(pow.o)
    0x08003328   0x08003328   0x0000007a   Code   RO         6098    i.__hardfp_sqrt     m_wm.l(sqrt.o)
    0x080033a2   0x080033a2   0x00000002   PAD
    0x080033a4   0x080033a4   0x0000017c   Code   RO         6110    i.__hardfp_tanf     m_wm.l(tanf.o)
    0x08003520   0x08003520   0x000000f8   Code   RO         6207    i.__kernel_poly     m_wm.l(poly.o)
    0x08003618   0x08003618   0x00000030   Code   RO         6169    i.__mathlib_dbl_divzero  m_wm.l(dunder.o)
    0x08003648   0x08003648   0x00000014   Code   RO         6170    i.__mathlib_dbl_infnan  m_wm.l(dunder.o)
    0x0800365c   0x0800365c   0x00000014   Code   RO         6171    i.__mathlib_dbl_infnan2  m_wm.l(dunder.o)
    0x08003670   0x08003670   0x00000020   Code   RO         6172    i.__mathlib_dbl_invalid  m_wm.l(dunder.o)
    0x08003690   0x08003690   0x00000020   Code   RO         6173    i.__mathlib_dbl_overflow  m_wm.l(dunder.o)
    0x080036b0   0x080036b0   0x00000020   Code   RO         6175    i.__mathlib_dbl_underflow  m_wm.l(dunder.o)
    0x080036d0   0x080036d0   0x00000006   Code   RO         6194    i.__mathlib_flt_infnan  m_wm.l(funder.o)
    0x080036d6   0x080036d6   0x00000002   PAD
    0x080036d8   0x080036d8   0x00000010   Code   RO         6196    i.__mathlib_flt_invalid  m_wm.l(funder.o)
    0x080036e8   0x080036e8   0x00000010   Code   RO         6199    i.__mathlib_flt_underflow  m_wm.l(funder.o)
    0x080036f8   0x080036f8   0x00000154   Code   RO         6210    i.__mathlib_rredf2  m_wm.l(rredf.o)
    0x0800384c   0x0800384c   0x0000000e   Code   RO         5992    i._is_digit         c_w.l(__printf_wp.o)
    0x0800385a   0x0800385a   0x00000004   Code   RO          428    i._sys_exit         usart.o
    0x0800385e   0x0800385e   0x00000010   Code   RO         6157    i.atan              m_wm.l(atan.o)
    0x0800386e   0x0800386e   0x00000002   PAD
    0x08003870   0x08003870   0x00000c94   Code   RO         4569    i.attributeCal      attribute.o
    0x08004504   0x08004504   0x00000020   Code   RO         4467    i.bmi088_dataRead   bmi088.o
    0x08004524   0x08004524   0x0000020c   Code   RO         4468    i.bmi088_dataTransform  bmi088.o
    0x08004730   0x08004730   0x000000d6   Code   RO         4469    i.bmi088_init       bmi088.o
    0x08004806   0x08004806   0x00000002   PAD
    0x08004808   0x08004808   0x00000054   Code   RO         4470    i.bmi088_read       bmi088.o
    0x0800485c   0x0800485c   0x00000048   Code   RO         4471    i.bmi088_read_byte  bmi088.o
    0x080048a4   0x080048a4   0x00000040   Code   RO         4472    i.bmi088_write_byte  bmi088.o
    0x080048e4   0x080048e4   0x00000044   Code   RO          359    i.delay_init        delay.o
    0x08004928   0x08004928   0x00000044   Code   RO          360    i.delay_ms          delay.o
    0x0800496c   0x0800496c   0x00000048   Code   RO          361    i.delay_us          delay.o
    0x080049b4   0x080049b4   0x00000018   Code   RO         6185    i.fabs              m_wm.l(fabs.o)
    0x080049cc   0x080049cc   0x0000001c   Code   RO          429    i.fputc             usart.o
    0x080049e8   0x080049e8   0x00000028   Code   RO         4721    i.gps_baudrate_config  gps.o
    0x08004a10   0x08004a10   0x00000040   Code   RO         4722    i.gps_config        gps.o
    0x08004a50   0x08004a50   0x00000114   Code   RO         4521    i.imuDataFilter     filter.o
    0x08004b64   0x08004b64   0x00000054   Code   RO         4522    i.imuLpfFilterInit  filter.o
    0x08004bb8   0x08004bb8   0x0000013c   Code   RO         4523    i.lpfApply          filter.o
    0x08004cf4   0x08004cf4   0x00000054   Code   RO         4524    i.lpfInit           filter.o
    0x08004d48   0x08004d48   0x000001dc   Code   RO         4525    i.lpfSetCutOffFreq  filter.o
    0x08004f24   0x08004f24   0x000000a4   Code   RO          222    i.main              main.o
    0x08004fc8   0x08004fc8   0x00000100   Code   RO         4595    i.pressureDataSend  upper.o
    0x080050c8   0x080050c8   0x00000098   Code   RO         5352    i.prvAddCurrentTaskToDelayedList  tasks.o
    0x08005160   0x08005160   0x00000034   Code   RO         5360    i.prvResetNextTaskUnblockTime  tasks.o
    0x08005194   0x08005194   0x00000114   Code   RO         4781    i.pwmOutInit        pwm.o
    0x080052a8   0x080052a8   0x00000006   Code   RO         4826    i.read_addr         usmart.o
    0x080052ae   0x080052ae   0x00000002   PAD
    0x080052b0   0x080052b0   0x000001dc   Code   RO         4680    i.sbusGetData       sbus.o
    0x0800548c   0x0800548c   0x000000a8   Code   RO         4782    i.setPwm            pwm.o
    0x08005534   0x08005534   0x00000138   Code   RO         4378    i.spl0601_rateSet   spl06.o
    0x0800566c   0x0800566c   0x00000118   Code   RO         4379    i.spl06_coefficientsRead  spl06.o
    0x08005784   0x08005784   0x0000008a   Code   RO         4380    i.spl06_dataRead    spl06.o
    0x0800580e   0x0800580e   0x00000002   PAD
    0x08005810   0x08005810   0x00000180   Code   RO         4381    i.spl06_getPresData  spl06.o
    0x08005990   0x08005990   0x0000004c   Code   RO         4382    i.spl06_init        spl06.o
    0x080059dc   0x080059dc   0x0000003c   Code   RO         4383    i.spl06_read        spl06.o
    0x08005a18   0x08005a18   0x00000030   Code   RO         4384    i.spl06_read_byte   spl06.o
    0x08005a48   0x08005a48   0x0000002c   Code   RO         4385    i.spl06_write_byte  spl06.o
    0x08005a74   0x08005a74   0x0000006e   Code   RO         6100    i.sqrt              m_wm.l(sqrt.o)
    0x08005ae2   0x08005ae2   0x00000002   PAD
    0x08005ae4   0x08005ae4   0x00000134   Code   RO         4723    i.uart3_init        gps.o
    0x08005c18   0x08005c18   0x000000b8   Code   RO          430    i.uart_init         usart.o
    0x08005cd0   0x08005cd0   0x000000b0   Code   RO         4827    i.usmart_cmd_rec    usmart.o
    0x08005d80   0x08005d80   0x000002d4   Code   RO         4828    i.usmart_exe        usmart.o
    0x08006054   0x08006054   0x000000c8   Code   RO         4929    i.usmart_get_aparm  usmart_str.o
    0x0800611c   0x0800611c   0x00000036   Code   RO         4930    i.usmart_get_cmdname  usmart_str.o
    0x08006152   0x08006152   0x00000002   PAD
    0x08006154   0x08006154   0x000001c0   Code   RO         4931    i.usmart_get_fname  usmart_str.o
    0x08006314   0x08006314   0x0000010c   Code   RO         4932    i.usmart_get_fparam  usmart_str.o
    0x08006420   0x08006420   0x00000020   Code   RO         4933    i.usmart_get_parmpos  usmart_str.o
    0x08006440   0x08006440   0x00000044   Code   RO         4829    i.usmart_get_runtime  usmart.o
    0x08006484   0x08006484   0x00000028   Code   RO         4830    i.usmart_init       usmart.o
    0x080064ac   0x080064ac   0x00000016   Code   RO         4934    i.usmart_pow        usmart_str.o
    0x080064c2   0x080064c2   0x00000002   PAD
    0x080064c4   0x080064c4   0x00000030   Code   RO         4831    i.usmart_reset_runtime  usmart.o
    0x080064f4   0x080064f4   0x000000bc   Code   RO         4832    i.usmart_scan       usmart.o
    0x080065b0   0x080065b0   0x00000016   Code   RO         4935    i.usmart_search_nextc  usmart_str.o
    0x080065c6   0x080065c6   0x000000ca   Code   RO         4936    i.usmart_str2num    usmart_str.o
    0x08006690   0x08006690   0x00000022   Code   RO         4937    i.usmart_strcmp     usmart_str.o
    0x080066b2   0x080066b2   0x00000016   Code   RO         4938    i.usmart_strcopy    usmart_str.o
    0x080066c8   0x080066c8   0x00000018   Code   RO         4939    i.usmart_strlen     usmart_str.o
    0x080066e0   0x080066e0   0x000006e4   Code   RO         4833    i.usmart_sys_cmd_exe  usmart.o
    0x08006dc4   0x08006dc4   0x00000028   Code   RO         5114    i.uxListRemove      list.o
    0x08006dec   0x08006dec   0x00000034   Code   RO         5117    i.vListInsert       list.o
    0x08006e20   0x08006e20   0x00000018   Code   RO         5118    i.vListInsertEnd    list.o
    0x08006e38   0x08006e38   0x00000054   Code   RO         5872    i.vPortEnterCritical  port.o
    0x08006e8c   0x08006e8c   0x0000003c   Code   RO         5873    i.vPortExitCritical  port.o
    0x08006ec8   0x08006ec8   0x0000005c   Code   RO         5371    i.vTaskDelay        tasks.o
    0x08006f24   0x08006f24   0x00000010   Code   RO         5388    i.vTaskSuspendAll   tasks.o
    0x08006f34   0x08006f34   0x0000008c   Code   RO         5389    i.vTaskSwitchContext  tasks.o
    0x08006fc0   0x08006fc0   0x00000004   Code   RO         4834    i.write_addr        usmart.o
    0x08006fc4   0x08006fc4   0x00000034   Code   RO         5877    i.xPortSysTickHandler  port.o
    0x08006ff8   0x08006ff8   0x00000020   Code   RO         5395    i.xTaskGetSchedulerState  tasks.o
    0x08007018   0x08007018   0x00000148   Code   RO         5398    i.xTaskIncrementTick  tasks.o
    0x08007160   0x08007160   0x00000104   Code   RO         5404    i.xTaskResumeAll    tasks.o
    0x08007264   0x08007264   0x00000018   Code   RO         6016    x$fpl$basic         fz_wm.l(basic.o)
    0x0800727c   0x0800727c   0x00000062   Code   RO         6018    x$fpl$d2f           fz_wm.l(d2f.o)
    0x080072de   0x080072de   0x00000002   PAD
    0x080072e0   0x080072e0   0x00000150   Code   RO         6020    x$fpl$dadd          fz_wm.l(daddsub_clz.o)
    0x08007430   0x08007430   0x00000010   Code   RO         6241    x$fpl$dcheck1       fz_wm.l(dcheck1.o)
    0x08007440   0x08007440   0x00000018   Code   RO         6138    x$fpl$dcmpinf       fz_wm.l(dcmpi.o)
    0x08007458   0x08007458   0x000002b0   Code   RO         6027    x$fpl$ddiv          fz_wm.l(ddiv.o)
    0x08007708   0x08007708   0x0000005e   Code   RO         6030    x$fpl$dfix          fz_wm.l(dfix.o)
    0x08007766   0x08007766   0x0000002e   Code   RO         6035    x$fpl$dflt          fz_wm.l(dflt_clz.o)
    0x08007794   0x08007794   0x00000078   Code   RO         6040    x$fpl$dleqf         fz_wm.l(dleqf.o)
    0x0800780c   0x0800780c   0x00000154   Code   RO         6042    x$fpl$dmul          fz_wm.l(dmul.o)
    0x08007960   0x08007960   0x0000009c   Code   RO         6140    x$fpl$dnaninf       fz_wm.l(dnaninf.o)
    0x080079fc   0x080079fc   0x0000000c   Code   RO         6142    x$fpl$dretinf       fz_wm.l(dretinf.o)
    0x08007a08   0x08007a08   0x0000006c   Code   RO         6144    x$fpl$drleqf        fz_wm.l(drleqf.o)
    0x08007a74   0x08007a74   0x00000016   Code   RO         6021    x$fpl$drsb          fz_wm.l(daddsub_clz.o)
    0x08007a8a   0x08007a8a   0x00000002   PAD
    0x08007a8c   0x08007a8c   0x00000198   Code   RO         6146    x$fpl$dsqrt         fz_wm.l(dsqrt_umaal.o)
    0x08007c24   0x08007c24   0x000001d4   Code   RO         6022    x$fpl$dsub          fz_wm.l(daddsub_clz.o)
    0x08007df8   0x08007df8   0x00000056   Code   RO         6044    x$fpl$f2d           fz_wm.l(f2d.o)
    0x08007e4e   0x08007e4e   0x0000008c   Code   RO         6148    x$fpl$fnaninf       fz_wm.l(fnaninf.o)
    0x08007eda   0x08007eda   0x0000000a   Code   RO         6318    x$fpl$fpinit        fz_wm.l(fpinit.o)
    0x08007ee4   0x08007ee4   0x0000000a   Code   RO         6150    x$fpl$fretinf       fz_wm.l(fretinf.o)
    0x08007eee   0x08007eee   0x00000064   Code   RO         6258    x$fpl$retnan        fz_wm.l(retnan.o)
    0x08007f52   0x08007f52   0x0000005c   Code   RO         6152    x$fpl$scalbn        fz_wm.l(scalbn.o)
    0x08007fae   0x08007fae   0x00000030   Code   RO         6307    x$fpl$trapveneer    fz_wm.l(trapv.o)
    0x08007fde   0x08007fde   0x00000000   Code   RO         6154    x$fpl$usenofp       fz_wm.l(usenofp.o)
    0x08007fde   0x08007fde   0x0000008f   Data   RO         4725    .constdata          gps.o
    0x0800806d   0x0800806d   0x00000028   Data   RO         5965    .constdata          c_w.l(_printf_hex_int.o)
    0x08008095   0x08008095   0x00000011   Data   RO         6000    .constdata          c_w.l(__printf_flags_ss_wp.o)
    0x080080a6   0x080080a6   0x00000002   PAD
    0x080080a8   0x080080a8   0x00000050   Data   RO         6049    .constdata          m_wm.l(asin.o)
    0x080080f8   0x080080f8   0x00000088   Data   RO         6087    .constdata          m_wm.l(pow.o)
    0x08008180   0x08008180   0x00000098   Data   RO         6158    .constdata          m_wm.l(atan.o)
    0x08008218   0x08008218   0x00000008   Data   RO         6209    .constdata          m_wm.l(qnan.o)
    0x08008220   0x08008220   0x00000020   Data   RO         6211    .constdata          m_wm.l(rredf.o)
    0x08008240   0x08008240   0x00000028   Data   RO         4835    .conststring        usmart.o
    0x08008268   0x08008268   0x0000006b   Data   RO         4908    .conststring        usmart_config.o
    0x080082d3   0x080082d3   0x00000001   PAD
    0x080082d4   0x080082d4   0x00000020   Data   RO         6382    Region$$Table       anon$$obj.o


    Execution Region RW_IRAM2 (Exec base: 0x10000000, Load base: 0x08008360, Size: 0x00000000, Max: 0x00010000, ABSOLUTE)

    **** No section assigned to this execution region ****


    Execution Region RW_IRAM1 (Exec base: 0x20000000, Load base: 0x080082f4, Size: 0x00000d40, Max: 0x00020000, ABSOLUTE, COMPRESSED[0x0000006c])

    Exec Addr    Load Addr    Size         Type   Attr      Idx    E Section Name        Object

    0x20000000   COMPRESSED   0x00000014   Data   RW          166    .data               system_stm32f4xx.o
    0x20000014   COMPRESSED   0x00000014   Data   RW          224    .data               main.o
    0x20000028   COMPRESSED   0x00000004   Data   RW          362    .data               delay.o
    0x2000002c   COMPRESSED   0x00000006   Data   RW          432    .data               usart.o
    0x20000032   COMPRESSED   0x00000010   Data   RW         1900    .data               stm32f4xx_rcc.o
    0x20000042   COMPRESSED   0x00000002   Data   RW         4207    .data               time5.o
    0x20000044   COMPRESSED   0x00000008   Data   RW         4387    .data               spl06.o
    0x2000004c   COMPRESSED   0x0000001c   Data   RW         4571    .data               attribute.o
    0x20000068   COMPRESSED   0x00000008   Data   RW         4682    .data               sbus.o
    0x20000070   COMPRESSED   0x00000006   Data   RW         4726    .data               gps.o
    0x20000076   COMPRESSED   0x00000002   PAD
    0x20000078   COMPRESSED   0x0000001c   Data   RW         4836    .data               usmart.o
    0x20000094   COMPRESSED   0x00000114   Data   RW         4909    .data               usmart_config.o
    0x200001a8   COMPRESSED   0x0000003c   Data   RW         5407    .data               tasks.o
    0x200001e4   COMPRESSED   0x0000000c   Data   RW         5878    .data               port.o
    0x200001f0        -       0x00000214   Zero   RW          223    .bss                main.o
    0x20000404        -       0x00000064   Zero   RW          431    .bss                usart.o
    0x20000468        -       0x00000016   Zero   RW         4386    .bss                spl06.o
    0x2000047e   COMPRESSED   0x00000002   PAD
    0x20000480        -       0x00000024   Zero   RW         4570    .bss                attribute.o
    0x200004a4        -       0x00000039   Zero   RW         4681    .bss                sbus.o
    0x200004dd   COMPRESSED   0x00000003   PAD
    0x200004e0        -       0x00000138   Zero   RW         4724    .bss                gps.o
    0x20000618        -       0x000000c8   Zero   RW         5406    .bss                tasks.o
    0x200006e0        -       0x00000060   Zero   RW         6244    .bss                c_w.l(libspace.o)
    0x20000740        -       0x00000200   Zero   RW         4165    HEAP                startup_stm32f4xx.o
    0x20000940        -       0x00000400   Zero   RW         4164    STACK               startup_stm32f4xx.o


==============================================================================

Image component sizes


      Code (inc. data)   RO Data    RW Data    ZI Data      Debug   Object Name

      3220        120          0         28         36       1942   attribute.o
       990         68          0          0          0       4464   bmi088.o
       224         20          0          4          0       2521   delay.o
         0          0          0          0          0       7936   event_groups.o
      1236         86          0          0          0       8714   filter.o
      1180         62        143          6        312       6514   gps.o
        64          4          0          0          0        511   led.o
       116          0          0          0          0       2190   list.o
       164         26          0         20        532      19063   main.o
       180         24          0          0          0       2065   misc.o
       378         34          0         12          0       5615   port.o
       444         24          0          0          0       1690   pwm.o
       724         40          0          8         57       2683   sbus.o
       600         46          0          0          0       2508   spi.o
      1342         80          0          8         22       5925   spl06.o
        64         26        392          0       1536        836   startup_stm32f4xx.o
       236          0          0          0          0       2848   stm32f4xx_gpio.o
        20          0          0          0          0      63309   stm32f4xx_it.o
       392         48          0         16          0       5785   stm32f4xx_rcc.o
       112          0          0          0          0       3478   stm32f4xx_spi.o
       962         66          0          0          0      12980   stm32f4xx_tim.o
       750         42          0          0          0       7899   stm32f4xx_usart.o
       340         32          0         20          0     230913   system_stm32f4xx.o
      1072        164          0         60        200       9522   tasks.o
       236         44          0          2          0       1439   time5.o
       256          0          0          0          0       1075   upper.o
       420         36          0          6        100       4978   usart.o
      3166       1332         40         28          0       7946   usmart.o
         0          0        107        276          0       1512   usmart_config.o
      1328         20          0          0          0       8857   usmart_str.o

    ----------------------------------------------------------------------
     20244       2444        715        496       2800     437718   Object Totals
         0          0         32          0          0          0   (incl. Generated)
        28          0          1          2          5          0   (incl. Padding)

    ----------------------------------------------------------------------

      Code (inc. data)   RO Data    RW Data    ZI Data      Debug   Library Member Name

        90          0          0          0          0          0   __dczerorl2.o
         8          0          0          0          0         68   __main.o
       392          4         17          0          0         92   __printf_flags_ss_wp.o
        14          0          0          0          0         68   __printf_wp.o
         0          0          0          0          0          0   __rtentry.o
        12          0          0          0          0          0   __rtentry2.o
         6          0          0          0          0          0   __rtentry4.o
        52          8          0          0          0          0   __scatter.o
        28          0          0          0          0          0   __scatter_zi.o
         6          0          0          0          0          0   _printf_c.o
        44          0          0          0          0        108   _printf_char.o
        48          6          0          0          0         96   _printf_char_common.o
        36          4          0          0          0         80   _printf_char_file.o
         6          0          0          0          0          0   _printf_d.o
       120         16          0          0          0         92   _printf_dec.o
        88          4         40          0          0         88   _printf_hex_int.o
       178          0          0          0          0         88   _printf_intcommon.o
        78          0          0          0          0        108   _printf_pad.o
         0          0          0          0          0          0   _printf_percent.o
         4          0          0          0          0          0   _printf_percent_end.o
         6          0          0          0          0          0   _printf_s.o
        82          0          0          0          0         80   _printf_str.o
         6          0          0          0          0          0   _printf_u.o
         6          0          0          0          0          0   _printf_x.o
        22          0          0          0          0        100   _rserrno.o
        18          0          0          0          0         80   exit.o
         8          0          0          0          0         68   ferror.o
         6          0          0          0          0        152   heapauxi.o
         2          0          0          0          0          0   libinit.o
         6          0          0          0          0          0   libinit2.o
         2          0          0          0          0          0   libshutdown.o
         2          0          0          0          0          0   libshutdown2.o
         8          4          0          0         96         68   libspace.o
        24          4          0          0          0         84   noretval__2printf.o
         8          4          0          0          0         68   rt_errno_addr_intlibspace.o
         2          0          0          0          0          0   rtexit.o
        10          0          0          0          0          0   rtexit2.o
        74          0          0          0          0         80   sys_stackheap_outer.o
         2          0          0          0          0         68   use_no_semi.o
         2          0          0          0          0         68   use_no_semi_2.o
        24          0          0          0          0        164   basic.o
        98          4          0          0          0        140   d2f.o
       826         16          0          0          0        492   daddsub_clz.o
        16          4          0          0          0        116   dcheck1.o
        24          0          0          0          0        116   dcmpi.o
       688        140          0          0          0        256   ddiv.o
        94          4          0          0          0        140   dfix.o
        46          0          0          0          0        116   dflt_clz.o
       120          4          0          0          0        140   dleqf.o
       340         12          0          0          0        152   dmul.o
       156          4          0          0          0        140   dnaninf.o
        12          0          0          0          0        116   dretinf.o
       108          0          0          0          0        128   drleqf.o
       408         56          0          0          0        168   dsqrt_umaal.o
        86          4          0          0          0        132   f2d.o
       140          4          0          0          0        132   fnaninf.o
        10          0          0          0          0        116   fpinit.o
        10          0          0          0          0        116   fretinf.o
       100          0          0          0          0        116   retnan.o
        92          0          0          0          0        116   scalbn.o
        48          0          0          0          0        116   trapv.o
         0          0          0          0          0          0   usenofp.o
       864         94         80          0          0        280   asin.o
       744        106        152          0          0        352   atan.o
       496         64          0          0          0        192   atan2.o
       336         56          0          0          0        136   cosf.o
       184         44          0          0          0        744   dunder.o
        24          0          0          0          0        124   fabs.o
        48          0          0          0          0        124   fpclassify.o
        38          0          0          0          0        116   fpclassifyf.o
        38         12          0          0          0        348   funder.o
       248          0          0          0          0        152   poly.o
      3152        296        136          0          0        352   pow.o
         0          0          8          0          0          0   qnan.o
       340         24         32          0          0        160   rredf.o
       232          0          0          0          0        296   sqrt.o
       380         58          0          0          0        200   tanf.o

    ----------------------------------------------------------------------
     12098       1060        467          0         96       8608   Library Totals
        22          0          2          0          0          0   (incl. Padding)

    ----------------------------------------------------------------------

      Code (inc. data)   RO Data    RW Data    ZI Data      Debug   Library Name

      1506         54         57          0         96       1804   c_w.l
      3446        252          0          0          0       3228   fz_wm.l
      7124        754        408          0          0       3576   m_wm.l

    ----------------------------------------------------------------------
     12098       1060        467          0         96       8608   Library Totals

    ----------------------------------------------------------------------

==============================================================================


      Code (inc. data)   RO Data    RW Data    ZI Data      Debug   

     32342       3504       1182        496       2896     427142   Grand Totals
     32342       3504       1182        108       2896     427142   ELF Image Totals (compressed)
     32342       3504       1182        108          0          0   ROM Totals

==============================================================================

    Total RO  Size (Code + RO Data)                33524 (  32.74kB)
    Total RW  Size (RW Data + ZI Data)              3392 (   3.31kB)
    Total ROM Size (Code + RO Data + RW Data)      33632 (  32.84kB)

==============================================================================

